   1              	 .cpu cortex-m4
   2              	 .eabi_attribute 20,1
   3              	 .eabi_attribute 21,1
   4              	 .eabi_attribute 23,3
   5              	 .eabi_attribute 24,1
   6              	 .eabi_attribute 25,1
   7              	 .eabi_attribute 26,1
   8              	 .eabi_attribute 30,4
   9              	 .eabi_attribute 34,1
  10              	 .eabi_attribute 18,4
  11              	 .file "hal.c"
  12              	 .text
  13              	.Ltext0:
  14              	 .cfi_sections .debug_frame
  15              	 .section .text.led_ok,"ax",%progbits
  16              	 .align 1
  17              	 .weak led_ok
  18              	 .arch armv7e-m
  19              	 .syntax unified
  20              	 .thumb
  21              	 .thumb_func
  22              	 .fpu softvfp
  24              	led_ok:
  25              	.LVL0:
  26              	.LFB0:
  27              	 .file 1 ".././hal/hal.c"
   1:.././hal/hal.c **** /*
   2:.././hal/hal.c ****     This file is part of the ChipWhisperer Example Targets
   3:.././hal/hal.c ****     Copyright (C) 2012-2015 NewAE Technology Inc.
   4:.././hal/hal.c **** 
   5:.././hal/hal.c ****     This program is free software: you can redistribute it and/or modify
   6:.././hal/hal.c ****     it under the terms of the GNU General Public License as published by
   7:.././hal/hal.c ****     the Free Software Foundation, either version 3 of the License, or
   8:.././hal/hal.c ****     (at your option) any later version.
   9:.././hal/hal.c **** 
  10:.././hal/hal.c ****     This program is distributed in the hope that it will be useful,
  11:.././hal/hal.c ****     but WITHOUT ANY WARRANTY; without even the implied warranty of
  12:.././hal/hal.c ****     MERCHANTABILITY or FITNESS FOR A PARTICULAR PURPOSE.  See the
  13:.././hal/hal.c ****     GNU General Public License for more details.
  14:.././hal/hal.c **** 
  15:.././hal/hal.c ****     You should have received a copy of the GNU General Public License
  16:.././hal/hal.c ****     along with this program.  If not, see <http://www.gnu.org/licenses/>.
  17:.././hal/hal.c **** */
  18:.././hal/hal.c **** 
  19:.././hal/hal.c **** #include "hal.h"
  20:.././hal/hal.c **** 
  21:.././hal/hal.c **** __attribute__((weak)) void led_ok(unsigned int status)
  22:.././hal/hal.c **** {
  28              	 .loc 1 22 1 view-0
  29              	 .cfi_startproc
  30              	 
  31              	 
  32              	 
  23:.././hal/hal.c **** }
  33              	 .loc 1 23 1 view .LVU1
  34 0000 7047     	 bx lr
  35              	 .cfi_endproc
  36              	.LFE0:
  38              	 .section .text.led_error,"ax",%progbits
  39              	 .align 1
  40              	 .weak led_error
  41              	 .syntax unified
  42              	 .thumb
  43              	 .thumb_func
  44              	 .fpu softvfp
  46              	led_error:
  47              	.LFB3:
  48              	 .cfi_startproc
  49              	 
  50              	 
  51              	 
  52 0000 7047     	 bx lr
  53              	 .cfi_endproc
  54              	.LFE3:
  56              	 .text
  57              	.Letext0:
DEFINED SYMBOLS
                            *ABS*:0000000000000000 hal.c
    {standard input}:16     .text.led_ok:0000000000000000 $t
    {standard input}:24     .text.led_ok:0000000000000000 led_ok
    {standard input}:39     .text.led_error:0000000000000000 $t
    {standard input}:46     .text.led_error:0000000000000000 led_error
                           .group:0000000000000000 wm4.0.40de2b83a44ef390460eeab03a270adb
                           .group:0000000000000000 wm4.stdint.h.29.6d480f4ba0f60596e88234283d42444f
                           .group:0000000000000000 wm4.hal.h.27.7074d56fee637e30bfe28f5452443c14

NO UNDEFINED SYMBOLS
