Archive member included to satisfy reference by file (symbol)

/usr/lib/gcc/arm-none-eabi/10.3.1/../../../arm-none-eabi/lib/thumb/v7e-m/nofp/libm.a(lib_a-s_round.o)
                              objdir-CW312_SAM4S/Toeplitz_FFT.o (round)
/usr/lib/gcc/arm-none-eabi/10.3.1/../../../arm-none-eabi/lib/thumb/v7e-m/nofp/libm.a(lib_a-w_log.o)
                              objdir-CW312_SAM4S/Toeplitz_FFT.o (log)
/usr/lib/gcc/arm-none-eabi/10.3.1/../../../arm-none-eabi/lib/thumb/v7e-m/nofp/libm.a(lib_a-e_log.o)
                              /usr/lib/gcc/arm-none-eabi/10.3.1/../../../arm-none-eabi/lib/thumb/v7e-m/nofp/libm.a(lib_a-w_log.o) (__ieee754_log)
/usr/lib/gcc/arm-none-eabi/10.3.1/../../../arm-none-eabi/lib/thumb/v7e-m/nofp/libm.a(lib_a-s_lib_ver.o)
                              /usr/lib/gcc/arm-none-eabi/10.3.1/../../../arm-none-eabi/lib/thumb/v7e-m/nofp/libm.a(lib_a-w_log.o) (__fdlib_version)
/usr/lib/gcc/arm-none-eabi/10.3.1/../../../arm-none-eabi/lib/thumb/v7e-m/nofp/libm.a(lib_a-s_nan.o)
                              /usr/lib/gcc/arm-none-eabi/10.3.1/../../../arm-none-eabi/lib/thumb/v7e-m/nofp/libm.a(lib_a-w_log.o) (nan)
/usr/lib/gcc/arm-none-eabi/10.3.1/thumb/v7e-m/nofp/libgcc.a(_arm_muldf3.o)
                              /usr/lib/gcc/arm-none-eabi/10.3.1/../../../arm-none-eabi/lib/thumb/v7e-m/nofp/libm.a(lib_a-e_log.o) (__aeabi_dmul)
/usr/lib/gcc/arm-none-eabi/10.3.1/thumb/v7e-m/nofp/libgcc.a(_arm_addsubdf3.o)
                              /usr/lib/gcc/arm-none-eabi/10.3.1/../../../arm-none-eabi/lib/thumb/v7e-m/nofp/libm.a(lib_a-e_log.o) (__aeabi_dsub)
/usr/lib/gcc/arm-none-eabi/10.3.1/thumb/v7e-m/nofp/libgcc.a(_arm_muldivdf3.o)
                              objdir-CW312_SAM4S/Toeplitz_FFT.o (__aeabi_ddiv)
/usr/lib/gcc/arm-none-eabi/10.3.1/thumb/v7e-m/nofp/libgcc.a(_arm_cmpdf2.o)
                              /usr/lib/gcc/arm-none-eabi/10.3.1/../../../arm-none-eabi/lib/thumb/v7e-m/nofp/libm.a(lib_a-w_log.o) (__aeabi_dcmpeq)
/usr/lib/gcc/arm-none-eabi/10.3.1/thumb/v7e-m/nofp/libgcc.a(_arm_unorddf2.o)
                              /usr/lib/gcc/arm-none-eabi/10.3.1/../../../arm-none-eabi/lib/thumb/v7e-m/nofp/libm.a(lib_a-w_log.o) (__aeabi_dcmpun)
/usr/lib/gcc/arm-none-eabi/10.3.1/thumb/v7e-m/nofp/libgcc.a(_arm_fixdfsi.o)
                              objdir-CW312_SAM4S/Toeplitz_FFT.o (__aeabi_d2iz)
/usr/lib/gcc/arm-none-eabi/10.3.1/thumb/v7e-m/nofp/libgcc.a(_arm_addsubsf3.o)
                              objdir-CW312_SAM4S/Toeplitz_FFT.o (__aeabi_fsub)
/usr/lib/gcc/arm-none-eabi/10.3.1/thumb/v7e-m/nofp/libgcc.a(_arm_muldivsf3.o)
                              objdir-CW312_SAM4S/Toeplitz_FFT.o (__aeabi_fdiv)
/usr/lib/gcc/arm-none-eabi/10.3.1/thumb/v7e-m/nofp/libgcc.a(_mulsc3.o)
                              objdir-CW312_SAM4S/Toeplitz_FFT.o (__mulsc3)
/usr/lib/gcc/arm-none-eabi/10.3.1/thumb/v7e-m/nofp/libgcc.a(_arm_cmpsf2.o)
                              /usr/lib/gcc/arm-none-eabi/10.3.1/thumb/v7e-m/nofp/libgcc.a(_mulsc3.o) (__aeabi_fcmple)
/usr/lib/gcc/arm-none-eabi/10.3.1/thumb/v7e-m/nofp/libgcc.a(_arm_unordsf2.o)
                              /usr/lib/gcc/arm-none-eabi/10.3.1/thumb/v7e-m/nofp/libgcc.a(_mulsc3.o) (__aeabi_fcmpun)
/usr/lib/gcc/arm-none-eabi/10.3.1/../../../arm-none-eabi/lib/thumb/v7e-m/nofp/libg_nano.a(lib_a-atexit.o)
                              /usr/lib/gcc/arm-none-eabi/10.3.1/../../../arm-none-eabi/lib/thumb/v7e-m/nofp/crt0.o (atexit)
/usr/lib/gcc/arm-none-eabi/10.3.1/../../../arm-none-eabi/lib/thumb/v7e-m/nofp/libg_nano.a(lib_a-errno.o)
                              /usr/lib/gcc/arm-none-eabi/10.3.1/../../../arm-none-eabi/lib/thumb/v7e-m/nofp/libm.a(lib_a-w_log.o) (__errno)
/usr/lib/gcc/arm-none-eabi/10.3.1/../../../arm-none-eabi/lib/thumb/v7e-m/nofp/libg_nano.a(lib_a-exit.o)
                              /usr/lib/gcc/arm-none-eabi/10.3.1/../../../arm-none-eabi/lib/thumb/v7e-m/nofp/crt0.o (exit)
/usr/lib/gcc/arm-none-eabi/10.3.1/../../../arm-none-eabi/lib/thumb/v7e-m/nofp/libg_nano.a(lib_a-fini.o)
                              /usr/lib/gcc/arm-none-eabi/10.3.1/../../../arm-none-eabi/lib/thumb/v7e-m/nofp/crt0.o (__libc_fini_array)
/usr/lib/gcc/arm-none-eabi/10.3.1/../../../arm-none-eabi/lib/thumb/v7e-m/nofp/libg_nano.a(lib_a-impure.o)
                              /usr/lib/gcc/arm-none-eabi/10.3.1/../../../arm-none-eabi/lib/thumb/v7e-m/nofp/libg_nano.a(lib_a-exit.o) (_global_impure_ptr)
/usr/lib/gcc/arm-none-eabi/10.3.1/../../../arm-none-eabi/lib/thumb/v7e-m/nofp/libg_nano.a(lib_a-init.o)
                              /usr/lib/gcc/arm-none-eabi/10.3.1/../../../arm-none-eabi/lib/thumb/v7e-m/nofp/crt0.o (__libc_init_array)
/usr/lib/gcc/arm-none-eabi/10.3.1/../../../arm-none-eabi/lib/thumb/v7e-m/nofp/libg_nano.a(lib_a-memcpy.o)
                              objdir-CW312_SAM4S/startup_sam4s.o (memcpy)
/usr/lib/gcc/arm-none-eabi/10.3.1/../../../arm-none-eabi/lib/thumb/v7e-m/nofp/libg_nano.a(lib_a-memset.o)
[...]
Memory Configuration

Name             Origin             Length             Attributes
rom              0x0000000000400000 0x0000000000020000 xr
ram              0x0000000020000000 0x0000000000010000 xrw
*default*        0x0000000000000000 0xffffffffffffffff

Linker script and memory map

LOAD /usr/lib/gcc/arm-none-eabi/10.3.1/thumb/v7e-m/nofp/crti.o
LOAD /usr/lib/gcc/arm-none-eabi/10.3.1/thumb/v7e-m/nofp/crtbegin.o
LOAD /usr/lib/gcc/arm-none-eabi/10.3.1/../../../arm-none-eabi/lib/thumb/v7e-m/nofp/crt0.o
LOAD objdir-CW312_SAM4S/Toeplitz_FFT.o
LOAD objdir-CW312_SAM4S/simpleserial.o
LOAD objdir-CW312_SAM4S/hal.o
LOAD objdir-CW312_SAM4S/startup_sam4s.o
LOAD objdir-CW312_SAM4S/sam4s_hal.o
LOAD objdir-CW312_SAM4S/uart.o
LOAD objdir-CW312_SAM4S/pio.o
LOAD objdir-CW312_SAM4S/system_sam4s.o
LOAD objdir-CW312_SAM4S/sysclk.o
LOAD objdir-CW312_SAM4S/pmc.o
LOAD /usr/lib/gcc/arm-none-eabi/10.3.1/../../../arm-none-eabi/lib/thumb/v7e-m/nofp/libm.a
LOAD /usr/lib/gcc/arm-none-eabi/10.3.1/../../../arm-none-eabi/lib/thumb/v7e-m/nofp/libm.a
START GROUP
LOAD /usr/lib/gcc/arm-none-eabi/10.3.1/../../../arm-none-eabi/lib/thumb/v7e-m/nofp/libm.a
END GROUP
LOAD /usr/lib/gcc/arm-none-eabi/10.3.1/../../../arm-none-eabi/lib/thumb/v7e-m/nofp/libm.a
START GROUP
LOAD /usr/lib/gcc/arm-none-eabi/10.3.1/thumb/v7e-m/nofp/libgcc.a
LOAD /usr/lib/gcc/arm-none-eabi/10.3.1/../../../arm-none-eabi/lib/thumb/v7e-m/nofp/libg_nano.a
LOAD /usr/lib/gcc/arm-none-eabi/10.3.1/../../../arm-none-eabi/lib/thumb/v7e-m/nofp/libc_nano.a
END GROUP
START GROUP
LOAD /usr/lib/gcc/arm-none-eabi/10.3.1/thumb/v7e-m/nofp/libgcc.a
LOAD /usr/lib/gcc/arm-none-eabi/10.3.1/../../../arm-none-eabi/lib/thumb/v7e-m/nofp/libc_nano.a
LOAD /usr/lib/gcc/arm-none-eabi/10.3.1/../../../arm-none-eabi/lib/thumb/v7e-m/nofp/libnosys.a
END GROUP
START GROUP
LOAD /usr/lib/gcc/arm-none-eabi/10.3.1/thumb/v7e-m/nofp/libgcc.a
LOAD /usr/lib/gcc/arm-none-eabi/10.3.1/../../../arm-none-eabi/lib/thumb/v7e-m/nofp/libc_nano.a
LOAD /usr/lib/gcc/arm-none-eabi/10.3.1/../../../arm-none-eabi/lib/thumb/v7e-m/nofp/libnosys.a
END GROUP
LOAD /usr/lib/gcc/arm-none-eabi/10.3.1/thumb/v7e-m/nofp/crtend.o
LOAD /usr/lib/gcc/arm-none-eabi/10.3.1/thumb/v7e-m/nofp/crtn.o
                0x0000000000001000                __stack_size__ = DEFINED (__stack_size__)?__stack_size__:0x1000
                0x000000002000fffc                __ram_end__ = ((ORIGIN (ram) + LENGTH (ram)) - 0x4)

.text           0x0000000000400000     0x2800
                0x0000000000400000                . = ALIGN (0x4)
                0x0000000000400000                _sfixed = .
 *(.vectors .vectors.*)
 .vectors       0x0000000000400000       0xcc objdir-CW312_SAM4S/startup_sam4s.o
                0x0000000000400000                exception_table
 *(.text .text.* .gnu.linkonce.t.*)
 .text          0x00000000004000cc       0x88 /usr/lib/gcc/arm-none-eabi/10.3.1/thumb/v7e-m/nofp/crtbegin.o
 .text.read_bytes
                0x0000000000400154       0x1c objdir-CW312_SAM4S/Toeplitz_FFT.o
                0x0000000000400154                read_bytes
 .text.write_bytes
                0x0000000000400170       0x1c objdir-CW312_SAM4S/Toeplitz_FFT.o
                0x0000000000400170                write_bytes
 .text.bytes_to_bits
                0x000000000040018c       0x24 objdir-CW312_SAM4S/Toeplitz_FFT.o
                0x000000000040018c                bytes_to_bits
 .text.bits_to_bytes
                0x00000000004001b0       0x28 objdir-CW312_SAM4S/Toeplitz_FFT.o
                0x00000000004001b0                bits_to_bytes
 .text.conj_array
                0x00000000004001d8       0x1e objdir-CW312_SAM4S/Toeplitz_FFT.o
                0x00000000004001d8                conj_array
 .text.reverse_bit
                0x00000000004001f6       0x26 objdir-CW312_SAM4S/Toeplitz_FFT.o
                0x00000000004001f6                reverse_bit
 .text.reverse_array
                0x000000000040021c       0x50 objdir-CW312_SAM4S/Toeplitz_FFT.o
                0x000000000040021c                reverse_array
 *fill*         0x000000000040026c        0x4 
 .text.DIT_FFT  0x0000000000400270      0x160 objdir-CW312_SAM4S/Toeplitz_FFT.o
                0x0000000000400270                DIT_FFT
 .text.DIT_IFFT
                0x00000000004003d0       0x68 objdir-CW312_SAM4S/Toeplitz_FFT.o
                0x00000000004003d0                DIT_IFFT
 .text.Toeplitz_hash_fft_seeded
                0x0000000000400438      0x10c objdir-CW312_SAM4S/Toeplitz_FFT.o
                0x0000000000400438                Toeplitz_hash_fft_seeded
 .text.startup.main
                0x0000000000400544       0x98 objdir-CW312_SAM4S/Toeplitz_FFT.o
                0x0000000000400544                main
 .text.Dummy_Handler
                0x00000000004005dc        0x2 objdir-CW312_SAM4S/startup_sam4s.o
                0x00000000004005dc                DACC_Handler
                0x00000000004005dc                DebugMon_Handler
                0x00000000004005dc                HardFault_Handler
                0x00000000004005dc                TC2_Handler
                0x00000000004005dc                SPI_Handler
                0x00000000004005dc                SysTick_Handler
                0x00000000004005dc                TWI1_Handler
                0x00000000004005dc                PendSV_Handler
                0x00000000004005dc                NMI_Handler
                0x00000000004005dc                ADC_Handler
                0x00000000004005dc                CRCCU_Handler
                0x00000000004005dc                USART0_Handler
                0x00000000004005dc                RTT_Handler
                0x00000000004005dc                PIOB_Handler
                0x00000000004005dc                RTC_Handler
                0x00000000004005dc                UsageFault_Handler
                0x00000000004005dc                WDT_Handler
                0x00000000004005dc                TC1_Handler
                0x00000000004005dc                HSMCI_Handler
                0x00000000004005dc                UART1_Handler
                0x00000000004005dc                Dummy_Handler
                0x00000000004005dc                TWI0_Handler
                0x00000000004005dc                USART1_Handler
                0x00000000004005dc                PIOA_Handler
                0x00000000004005dc                SSC_Handler
                0x00000000004005dc                EFC0_Handler
                0x00000000004005dc                ACC_Handler
                0x00000000004005dc                PMC_Handler
                0x00000000004005dc                PWM_Handler
                0x00000000004005dc                MemManage_Handler
                0x00000000004005dc                SUPC_Handler
                0x00000000004005dc                SVC_Handler
                0x00000000004005dc                UART0_Handler
                0x00000000004005dc                UDP_Handler
                0x00000000004005dc                BusFault_Handler
                0x00000000004005dc                RSTC_Handler
                0x00000000004005dc                TC0_Handler
 *fill*         0x00000000004005de        0x2 
 .text.Reset_Handler
                0x00000000004005e0       0x94 objdir-CW312_SAM4S/startup_sam4s.o
                0x00000000004005e0                Reset_Handler
 .text.platform_init
                0x0000000000400674       0x98 objdir-CW312_SAM4S/sam4s_hal.o
                0x0000000000400674                platform_init
 .text.init_uart
                0x000000000040070c       0x64 objdir-CW312_SAM4S/sam4s_hal.o
                0x000000000040070c                init_uart
 .text.putch    0x0000000000400770       0x1c objdir-CW312_SAM4S/sam4s_hal.o
                0x0000000000400770                putch
 .text.getch    0x000000000040078c       0x24 objdir-CW312_SAM4S/sam4s_hal.o
                0x000000000040078c                getch
 .text.trigger_setup
                0x00000000004007b0       0x20 objdir-CW312_SAM4S/sam4s_hal.o
                0x00000000004007b0                trigger_setup
 .text.trigger_low
                0x00000000004007d0       0x20 objdir-CW312_SAM4S/sam4s_hal.o
                0x00000000004007d0                trigger_low
 .text.trigger_high
                0x00000000004007f0       0x20 objdir-CW312_SAM4S/sam4s_hal.o
                0x00000000004007f0                trigger_high
 .text.uart_init
                0x0000000000400810       0x34 objdir-CW312_SAM4S/uart.o
                0x0000000000400810                uart_init
 .text.uart_enable_tx
                0x0000000000400844        0x6 objdir-CW312_SAM4S/uart.o
                0x0000000000400844                uart_enable_tx
 .text.uart_enable_rx
                0x000000000040084a        0x6 objdir-CW312_SAM4S/uart.o
                0x000000000040084a                uart_enable_rx
 .text.uart_write
                0x0000000000400850        0xe objdir-CW312_SAM4S/uart.o
                0x0000000000400850                uart_write
 .text.uart_read
                0x000000000040085e       0x10 objdir-CW312_SAM4S/uart.o
                0x000000000040085e                uart_read
 .text.pio_set_peripheral
                0x000000000040086e       0x6e objdir-CW312_SAM4S/pio.o
                0x000000000040086e                pio_set_peripheral
 .text.pio_set_input
                0x00000000004008dc       0x2c objdir-CW312_SAM4S/pio.o
                0x00000000004008dc                pio_set_input
 .text.pio_set_output
                0x0000000000400908       0x24 objdir-CW312_SAM4S/pio.o
                0x0000000000400908                pio_set_output
 .text.pio_set_pin_high
                0x000000000040092c       0x1a objdir-CW312_SAM4S/pio.o
                0x000000000040092c                pio_set_pin_high
 .text.pio_set_pin_low
                0x0000000000400946       0x1a objdir-CW312_SAM4S/pio.o
                0x0000000000400946                pio_set_pin_low
 .text.pio_configure_pin
                0x0000000000400960       0xac objdir-CW312_SAM4S/pio.o
                0x0000000000400960                pio_configure_pin
 .text.SystemCoreClockUpdate
                0x0000000000400a0c       0xcc objdir-CW312_SAM4S/system_sam4s.o
                0x0000000000400a0c                SystemCoreClockUpdate
 .text.system_init_flash
                0x0000000000400ad8       0x64 objdir-CW312_SAM4S/system_sam4s.o
                0x0000000000400ad8                system_init_flash
 .text.pmc_switch_mck_to_sclk
                0x0000000000400b3c       0x40 objdir-CW312_SAM4S/pmc.o
                0x0000000000400b3c                pmc_switch_mck_to_sclk
 .text.pmc_switch_mck_to_mainck
                0x0000000000400b7c       0x44 objdir-CW312_SAM4S/pmc.o
                0x0000000000400b7c                pmc_switch_mck_to_mainck
 .text.pmc_switch_mainck_to_xtal
                0x0000000000400bc0       0x4c objdir-CW312_SAM4S/pmc.o
                0x0000000000400bc0                pmc_switch_mainck_to_xtal
 .text.pmc_osc_is_ready_mainck
                0x0000000000400c0c       0x10 objdir-CW312_SAM4S/pmc.o
                0x0000000000400c0c                pmc_osc_is_ready_mainck
 .text.pmc_enable_periph_clk
                0x0000000000400c1c       0x40 objdir-CW312_SAM4S/pmc.o
                0x0000000000400c1c                pmc_enable_periph_clk
 .text.pmc_set_writeprotect
                0x0000000000400c5c       0x1c objdir-CW312_SAM4S/pmc.o
                0x0000000000400c5c                pmc_set_writeprotect
 .text          0x0000000000400c78       0x94 /usr/lib/gcc/arm-none-eabi/10.3.1/../../../arm-none-eabi/lib/thumb/v7e-m/nofp/libm.a(lib_a-s_round.o)
                0x0000000000400c78                round
 .text          0x0000000000400d0c       0x74 /usr/lib/gcc/arm-none-eabi/10.3.1/../../../arm-none-eabi/lib/thumb/v7e-m/nofp/libm.a(lib_a-w_log.o)
                0x0000000000400d0c                log
 .text          0x0000000000400d80      0x400 /usr/lib/gcc/arm-none-eabi/10.3.1/../../../arm-none-eabi/lib/thumb/v7e-m/nofp/libm.a(lib_a-e_log.o)
                0x0000000000400d80                __ieee754_log
 .text          0x0000000000401180        0xc /usr/lib/gcc/arm-none-eabi/10.3.1/../../../arm-none-eabi/lib/thumb/v7e-m/nofp/libm.a(lib_a-s_nan.o)
                0x0000000000401180                nan
 .text          0x000000000040118c      0x378 /usr/lib/gcc/arm-none-eabi/10.3.1/thumb/v7e-m/nofp/libgcc.a(_arm_addsubdf3.o)
                0x000000000040118c                __aeabi_drsub
                0x0000000000401194                __aeabi_dsub
                0x0000000000401194                __subdf3
                0x0000000000401198                __adddf3
                0x0000000000401198                __aeabi_dadd
                0x0000000000401410                __aeabi_ui2d
                0x0000000000401410                __floatunsidf
                0x0000000000401430                __floatsidf
                0x0000000000401430                __aeabi_i2d
                0x0000000000401454                __extendsfdf2
                0x0000000000401454                __aeabi_f2d
                0x0000000000401498                __aeabi_ul2d
                0x0000000000401498                __floatundidf
                0x00000000004014a8                __floatdidf
                0x00000000004014a8                __aeabi_l2d
 .text          0x0000000000401504      0x424 /usr/lib/gcc/arm-none-eabi/10.3.1/thumb/v7e-m/nofp/libgcc.a(_arm_muldivdf3.o)
                0x0000000000401504                __aeabi_dmul
                0x0000000000401504                __muldf3
                0x0000000000401758                __aeabi_ddiv
                0x0000000000401758                __divdf3
 .text          0x0000000000401928      0x110 /usr/lib/gcc/arm-none-eabi/10.3.1/thumb/v7e-m/nofp/libgcc.a(_arm_cmpdf2.o)
                0x0000000000401928                __gtdf2
                0x0000000000401928                __gedf2
                0x0000000000401930                __ltdf2
                0x0000000000401930                __ledf2
                0x0000000000401938                __cmpdf2
                0x0000000000401938                __eqdf2
                0x0000000000401938                __nedf2
                0x00000000004019b4                __aeabi_cdrcmple
                0x00000000004019c4                __aeabi_cdcmple
                0x00000000004019c4                __aeabi_cdcmpeq
                0x00000000004019d4                __aeabi_dcmpeq
                0x00000000004019e8                __aeabi_dcmplt
                0x00000000004019fc                __aeabi_dcmple
                0x0000000000401a10                __aeabi_dcmpge
                0x0000000000401a24                __aeabi_dcmpgt
 .text          0x0000000000401a38       0x2c /usr/lib/gcc/arm-none-eabi/10.3.1/thumb/v7e-m/nofp/libgcc.a(_arm_unorddf2.o)
                0x0000000000401a38                __aeabi_dcmpun
                0x0000000000401a38                __unorddf2
 .text          0x0000000000401a64       0x50 /usr/lib/gcc/arm-none-eabi/10.3.1/thumb/v7e-m/nofp/libgcc.a(_arm_fixdfsi.o)
                0x0000000000401a64                __fixdfsi
                0x0000000000401a64                __aeabi_d2iz
 .text          0x0000000000401ab4      0x21c /usr/lib/gcc/arm-none-eabi/10.3.1/thumb/v7e-m/nofp/libgcc.a(_arm_addsubsf3.o)
                0x0000000000401ab4                __aeabi_frsub
                0x0000000000401abc                __subsf3
                0x0000000000401abc                __aeabi_fsub
                0x0000000000401ac0                __aeabi_fadd
                0x0000000000401ac0                __addsf3
                0x0000000000401c20                __aeabi_ui2f
                0x0000000000401c20                __floatunsisf
                0x0000000000401c28                __aeabi_i2f
                0x0000000000401c28                __floatsisf
                0x0000000000401c44                __floatundisf
                0x0000000000401c44                __aeabi_ul2f
                0x0000000000401c54                __floatdisf
                0x0000000000401c54                __aeabi_l2f
 .text          0x0000000000401cd0      0x2a0 /usr/lib/gcc/arm-none-eabi/10.3.1/thumb/v7e-m/nofp/libgcc.a(_arm_muldivsf3.o)
                0x0000000000401cd0                __mulsf3
                0x0000000000401cd0                __aeabi_fmul
                0x0000000000401e38                __divsf3
                0x0000000000401e38                __aeabi_fdiv
 .text          0x0000000000401f70      0x328 /usr/lib/gcc/arm-none-eabi/10.3.1/thumb/v7e-m/nofp/libgcc.a(_mulsc3.o)
                0x0000000000401f70                __mulsc3
 .text          0x0000000000402298       0xec /usr/lib/gcc/arm-none-eabi/10.3.1/thumb/v7e-m/nofp/libgcc.a(_arm_cmpsf2.o)
                0x0000000000402298                __gtsf2
                0x0000000000402298                __gesf2
                0x00000000004022a0                __lesf2
                0x00000000004022a0                __ltsf2
                0x00000000004022a8                __nesf2
                0x00000000004022a8                __eqsf2
                0x00000000004022a8                __cmpsf2
                0x0000000000402308                __aeabi_cfrcmple
                0x0000000000402310                __aeabi_cfcmple
                0x0000000000402310                __aeabi_cfcmpeq
                0x0000000000402320                __aeabi_fcmpeq
                0x0000000000402334                __aeabi_fcmplt
                0x0000000000402348                __aeabi_fcmple
                0x000000000040235c                __aeabi_fcmpge
                0x0000000000402370                __aeabi_fcmpgt
 .text          0x0000000000402384       0x2c /usr/lib/gcc/arm-none-eabi/10.3.1/thumb/v7e-m/nofp/libgcc.a(_arm_unordsf2.o)
                0x0000000000402384                __aeabi_fcmpun
                0x0000000000402384                __unordsf2
 .text          0x00000000004023b0        0xc /usr/lib/gcc/arm-none-eabi/10.3.1/../../../arm-none-eabi/lib/thumb/v7e-m/nofp/libg_nano.a(lib_a-errno.o)
                0x00000000004023b0                __errno
 .text          0x00000000004023bc       0x48 /usr/lib/gcc/arm-none-eabi/10.3.1/../../../arm-none-eabi/lib/thumb/v7e-m/nofp/libg_nano.a(lib_a-init.o)
                0x00000000004023bc                __libc_init_array
 .text          0x0000000000402404      0x134 /usr/lib/gcc/arm-none-eabi/10.3.1/../../../arm-none-eabi/lib/thumb/v7e-m/nofp/libg_nano.a(lib_a-memcpy.o)
                0x0000000000402404                memcpy
 .text          0x0000000000402538       0xa4 /usr/lib/gcc/arm-none-eabi/10.3.1/../../../arm-none-eabi/lib/thumb/v7e-m/nofp/libg_nano.a(lib_a-memset.o)
                0x0000000000402538                memset
 *(.glue_7t)
 .glue_7t       0x00000000004025dc        0x0 linker stubs
 *(.glue_7)
 .glue_7        0x00000000004025dc        0x0 linker stubs
 *(.rodata .rodata* .gnu.linkonce.r.*)
 .rodata.twiddle_table
                0x00000000004025dc      0x200 objdir-CW312_SAM4S/Toeplitz_FFT.o
 .rodata.str1.4
                0x00000000004027dc        0x1 /usr/lib/gcc/arm-none-eabi/10.3.1/../../../arm-none-eabi/lib/thumb/v7e-m/nofp/libm.a(lib_a-w_log.o)
 *(.ARM.extab* .gnu.linkonce.armextab.*)
                0x00000000004027e0                . = ALIGN (0x4)
 *fill*         0x00000000004027dd        0x3 
 *(.init)
 .init          0x00000000004027e0        0x4 /usr/lib/gcc/arm-none-eabi/10.3.1/thumb/v7e-m/nofp/crti.o
                0x00000000004027e0                _init
 .init          0x00000000004027e4        0x8 /usr/lib/gcc/arm-none-eabi/10.3.1/thumb/v7e-m/nofp/crtn.o
                0x00000000004027ec                . = ALIGN (0x4)
                0x00000000004027ec                __preinit_array_start = .
 *(.preinit_array)
                0x00000000004027ec                __preinit_array_end = .
                0x00000000004027ec                . = ALIGN (0x4)
                0x00000000004027ec                __init_array_start = .
 *(SORT_BY_NAME(.init_array.*))
 *(.init_array)
 .init_array    0x00000000004027ec        0x4 /usr/lib/gcc/arm-none-eabi/10.3.1/thumb/v7e-m/nofp/crtbegin.o
                0x00000000004027f0                __init_array_end = .
                0x00000000004027f0                . = ALIGN (0x4)
 *crtbegin.o(.ctors)
 *(EXCLUDE_FILE(*crtend.o) .ctors)
 *(SORT_BY_NAME(.ctors.*))
 *crtend.o(.ctors)
                0x00000000004027f0                . = ALIGN (0x4)
 *(.fini)
 .fini          0x00000000004027f0        0x4 /usr/lib/gcc/arm-none-eabi/10.3.1/thumb/v7e-m/nofp/crti.o
                0x00000000004027f0                _fini
 .fini          0x00000000004027f4        0x8 /usr/lib/gcc/arm-none-eabi/10.3.1/thumb/v7e-m/nofp/crtn.o
                0x00000000004027fc                . = ALIGN (0x4)
                0x00000000004027fc                __fini_array_start = .
 *(.fini_array)
 .fini_array    0x00000000004027fc        0x4 /usr/lib/gcc/arm-none-eabi/10.3.1/thumb/v7e-m/nofp/crtbegin.o
 *(SORT_BY_NAME(.fini_array.*))
                0x0000000000402800                __fini_array_end = .
 *crtbegin.o(.dtors)
 *(EXCLUDE_FILE(*crtend.o) .dtors)
 *(SORT_BY_NAME(.dtors.*))
 *crtend.o(.dtors)
                0x0000000000402800                . = ALIGN (0x4)
                0x0000000000402800                _efixed = .
                [!provide]                        PROVIDE (__exidx_start = .)

.vfp11_veneer   0x0000000000402800        0x0
 .vfp11_veneer  0x0000000000402800        0x0 linker stubs

.v4_bx          0x0000000000402800        0x0
 .v4_bx         0x0000000000402800        0x0 linker stubs

.iplt           0x0000000000402800        0x0
 .iplt          0x0000000000402800        0x0 /usr/lib/gcc/arm-none-eabi/10.3.1/thumb/v7e-m/nofp/crtbegin.o

.eh_frame       0x0000000000402800        0x0
 .eh_frame      0x0000000000402800        0x0 /usr/lib/gcc/arm-none-eabi/10.3.1/thumb/v7e-m/nofp/crtbegin.o

.rel.dyn        0x0000000000402800        0x0
 .rel.iplt      0x0000000000402800        0x0 /usr/lib/gcc/arm-none-eabi/10.3.1/thumb/v7e-m/nofp/crtbegin.o

.tm_clone_table
                0x0000000000402800        0x0
 .tm_clone_table
                0x0000000000402800        0x0 /usr/lib/gcc/arm-none-eabi/10.3.1/thumb/v7e-m/nofp/crtbegin.o
 .tm_clone_table
                0x0000000000402800        0x0 /usr/lib/gcc/arm-none-eabi/10.3.1/thumb/v7e-m/nofp/crtend.o

.igot.plt       0x0000000000402800        0x0
 .igot.plt      0x0000000000402800        0x0 /usr/lib/gcc/arm-none-eabi/10.3.1/thumb/v7e-m/nofp/crtbegin.o

.ARM.exidx
 *(.ARM.exidx* .gnu.linkonce.armexidx.*)
                [!provide]                        PROVIDE (__exidx_end = .)
                0x0000000000402800                . = ALIGN (0x4)
                0x0000000000402800                _etext = .

.relocate       0x0000000020000000       0x6c load address 0x0000000000402800
                0x0000000020000000                . = ALIGN (0x4)
                0x0000000020000000                _srelocate = .
 *(.ramfunc .ramfunc.*)
 *(.data .data.*)
 .data.SystemCoreClock
                0x0000000020000000        0x4 objdir-CW312_SAM4S/system_sam4s.o
                0x0000000020000000                SystemCoreClock
 .data          0x0000000020000004        0x1 /usr/lib/gcc/arm-none-eabi/10.3.1/../../../arm-none-eabi/lib/thumb/v7e-m/nofp/libm.a(lib_a-s_lib_ver.o)
                0x0000000020000004                __fdlib_version
 *fill*         0x0000000020000005        0x3 
 .data          0x0000000020000008       0x64 /usr/lib/gcc/arm-none-eabi/10.3.1/../../../arm-none-eabi/lib/thumb/v7e-m/nofp/libg_nano.a(lib_a-impure.o)
                0x0000000020000008                _impure_ptr
                0x000000002000006c                . = ALIGN (0x4)
                0x000000002000006c                _erelocate = .

.bss            0x000000002000006c      0xe4c load address 0x000000000040286c
                0x000000002000006c                . = ALIGN (0x4)
                0x000000002000006c                _sbss = .
                0x000000002000006c                _szero = .
 *(.bss .bss.*)
 .bss           0x000000002000006c       0x1c /usr/lib/gcc/arm-none-eabi/10.3.1/thumb/v7e-m/nofp/crtbegin.o
 .bss.input_key_bits.4
                0x0000000020000088      0x200 objdir-CW312_SAM4S/Toeplitz_FFT.o
 .bss.input_key_bytes.5
                0x0000000020000288       0x10 objdir-CW312_SAM4S/Toeplitz_FFT.o
 .bss.key_fft.7
                0x0000000020000298      0x400 objdir-CW312_SAM4S/Toeplitz_FFT.o
 .bss.output_bits.1
                0x0000000020000698      0x200 objdir-CW312_SAM4S/Toeplitz_FFT.o
 .bss.output_bytes.0
                0x0000000020000898       0x10 objdir-CW312_SAM4S/Toeplitz_FFT.o
 .bss.seed_bits.2
                0x00000000200008a8      0x200 objdir-CW312_SAM4S/Toeplitz_FFT.o
 .bss.seed_bytes.3
                0x0000000020000aa8       0x10 objdir-CW312_SAM4S/Toeplitz_FFT.o
 .bss.seed_fft.6
                0x0000000020000ab8      0x400 objdir-CW312_SAM4S/Toeplitz_FFT.o
 *(COMMON)
                0x0000000020000eb8                . = ALIGN (0x4)
                0x0000000020000eb8                _ebss = .
                0x0000000020000eb8                _ezero = .

.stack          0x0000000020000eb8     0x1000 load address 0x00000000004036b8
                0x0000000020000eb8                . = ALIGN (0x8)
                0x0000000020000eb8                _sstack = .
                0x0000000020001eb8                . = (. + __stack_size__)
 *fill*         0x0000000020000eb8     0x1000 
                0x0000000020001eb8                . = ALIGN (0x8)
                0x0000000020001eb8                _estack = .

.mpssemem
 *(.mpssemem)
                0x0000000020001eb8                . = ALIGN (0x4)
                0x0000000020001eb8                end = .
                0x0000000020001eb8                _end = .
OUTPUT(Toeplitz_FFT-ROWLEN16-FULL-CW312_SAM4S.elf elf32-littlearm)
LOAD linker stubs

.ARM.attributes
                0x0000000000000000       0x2a
 .ARM.attributes
                0x0000000000000000       0x1e /usr/lib/gcc/arm-none-eabi/10.3.1/thumb/v7e-m/nofp/crti.o
 .ARM.attributes
                0x000000000000001e       0x2e /usr/lib/gcc/arm-none-eabi/10.3.1/thumb/v7e-m/nofp/crtbegin.o
 .ARM.attributes
                0x000000000000004c       0x2e objdir-CW312_SAM4S/Toeplitz_FFT.o
 .ARM.attributes
                0x000000000000007a       0x2e objdir-CW312_SAM4S/startup_sam4s.o
 .ARM.attributes
                0x00000000000000a8       0x2e objdir-CW312_SAM4S/sam4s_hal.o
 .ARM.attributes
                0x00000000000000d6       0x2e objdir-CW312_SAM4S/uart.o
 .ARM.attributes
                0x0000000000000104       0x2e objdir-CW312_SAM4S/pio.o
 .ARM.attributes
                0x0000000000000132       0x2e objdir-CW312_SAM4S/system_sam4s.o
 .ARM.attributes
                0x0000000000000160       0x2e objdir-CW312_SAM4S/pmc.o
 .ARM.attributes
                0x000000000000018e       0x2e /usr/lib/gcc/arm-none-eabi/10.3.1/../../../arm-none-eabi/lib/thumb/v7e-m/nofp/libm.a(lib_a-s_round.o)
 .ARM.attributes
                0x00000000000001bc       0x2e /usr/lib/gcc/arm-none-eabi/10.3.1/../../../arm-none-eabi/lib/thumb/v7e-m/nofp/libm.a(lib_a-w_log.o)
 .ARM.attributes
                0x00000000000001ea       0x2e /usr/lib/gcc/arm-none-eabi/10.3.1/../../../arm-none-eabi/lib/thumb/v7e-m/nofp/libm.a(lib_a-e_log.o)
 .ARM.attributes
                0x0000000000000218       0x2e /usr/lib/gcc/arm-none-eabi/10.3.1/../../../arm-none-eabi/lib/thumb/v7e-m/nofp/libm.a(lib_a-s_lib_ver.o)
 .ARM.attributes
                0x0000000000000246       0x2e /usr/lib/gcc/arm-none-eabi/10.3.1/../../../arm-none-eabi/lib/thumb/v7e-m/nofp/libm.a(lib_a-s_nan.o)
 .ARM.attributes
                0x0000000000000274       0x1e /usr/lib/gcc/arm-none-eabi/10.3.1/thumb/v7e-m/nofp/libgcc.a(_arm_addsubdf3.o)
 .ARM.attributes
                0x0000000000000292       0x1e /usr/lib/gcc/arm-none-eabi/10.3.1/thumb/v7e-m/nofp/libgcc.a(_arm_muldivdf3.o)
 .ARM.attributes
                0x00000000000002b0       0x1e /usr/lib/gcc/arm-none-eabi/10.3.1/thumb/v7e-m/nofp/libgcc.a(_arm_cmpdf2.o)
 .ARM.attributes
                0x00000000000002ce       0x1e /usr/lib/gcc/arm-none-eabi/10.3.1/thumb/v7e-m/nofp/libgcc.a(_arm_unorddf2.o)
 .ARM.attributes
                0x00000000000002ec       0x1e /usr/lib/gcc/arm-none-eabi/10.3.1/thumb/v7e-m/nofp/libgcc.a(_arm_fixdfsi.o)
 .ARM.attributes
                0x000000000000030a       0x1e /usr/lib/gcc/arm-none-eabi/10.3.1/thumb/v7e-m/nofp/libgcc.a(_arm_addsubsf3.o)
 .ARM.attributes
                0x0000000000000328       0x1e /usr/lib/gcc/arm-none-eabi/10.3.1/thumb/v7e-m/nofp/libgcc.a(_arm_muldivsf3.o)
 .ARM.attributes
                0x0000000000000346       0x2e /usr/lib/gcc/arm-none-eabi/10.3.1/thumb/v7e-m/nofp/libgcc.a(_mulsc3.o)
 .ARM.attributes
                0x0000000000000374       0x1e /usr/lib/gcc/arm-none-eabi/10.3.1/thumb/v7e-m/nofp/libgcc.a(_arm_cmpsf2.o)
 .ARM.attributes
                0x0000000000000392       0x1e /usr/lib/gcc/arm-none-eabi/10.3.1/thumb/v7e-m/nofp/libgcc.a(_arm_unordsf2.o)
 .ARM.attributes
                0x00000000000003b0       0x2e /usr/lib/gcc/arm-none-eabi/10.3.1/../../../arm-none-eabi/lib/thumb/v7e-m/nofp/libg_nano.a(lib_a-errno.o)
 .ARM.attributes
                0x00000000000003de       0x2e /usr/lib/gcc/arm-none-eabi/10.3.1/../../../arm-none-eabi/lib/thumb/v7e-m/nofp/libg_nano.a(lib_a-impure.o)
 .ARM.attributes
                0x000000000000040c       0x2e /usr/lib/gcc/arm-none-eabi/10.3.1/../../../arm-none-eabi/lib/thumb/v7e-m/nofp/libg_nano.a(lib_a-init.o)
 .ARM.attributes
                0x000000000000043a       0x1c /usr/lib/gcc/arm-none-eabi/10.3.1/../../../arm-none-eabi/lib/thumb/v7e-m/nofp/libg_nano.a(lib_a-memcpy.o)
 .ARM.attributes
                0x0000000000000456       0x2e /usr/lib/gcc/arm-none-eabi/10.3.1/../../../arm-none-eabi/lib/thumb/v7e-m/nofp/libg_nano.a(lib_a-memset.o)
 .ARM.attributes
                0x0000000000000484       0x2e /usr/lib/gcc/arm-none-eabi/10.3.1/thumb/v7e-m/nofp/crtend.o
 .ARM.attributes
                0x00000000000004b2       0x1e /usr/lib/gcc/arm-none-eabi/10.3.1/thumb/v7e-m/nofp/crtn.o

.comment        0x0000000000000000       0x33
 .comment       0x0000000000000000       0x33 /usr/lib/gcc/arm-none-eabi/10.3.1/thumb/v7e-m/nofp/crtbegin.o
                                         0x34 (size before relaxing)
 .comment       0x0000000000000033       0x34 objdir-CW312_SAM4S/Toeplitz_FFT.o
 .comment       0x0000000000000033       0x34 objdir-CW312_SAM4S/startup_sam4s.o
 .comment       0x0000000000000033       0x34 objdir-CW312_SAM4S/sam4s_hal.o
 .comment       0x0000000000000033       0x34 objdir-CW312_SAM4S/uart.o
 .comment       0x0000000000000033       0x34 objdir-CW312_SAM4S/pio.o
 .comment       0x0000000000000033       0x34 objdir-CW312_SAM4S/system_sam4s.o
 .comment       0x0000000000000033       0x34 objdir-CW312_SAM4S/pmc.o
 .comment       0x0000000000000033       0x34 /usr/lib/gcc/arm-none-eabi/10.3.1/../../../arm-none-eabi/lib/thumb/v7e-m/nofp/libm.a(lib_a-s_round.o)
 .comment       0x0000000000000033       0x34 /usr/lib/gcc/arm-none-eabi/10.3.1/../../../arm-none-eabi/lib/thumb/v7e-m/nofp/libm.a(lib_a-w_log.o)
 .comment       0x0000000000000033       0x34 /usr/lib/gcc/arm-none-eabi/10.3.1/../../../arm-none-eabi/lib/thumb/v7e-m/nofp/libm.a(lib_a-e_log.o)
 .comment       0x0000000000000033       0x34 /usr/lib/gcc/arm-none-eabi/10.3.1/../../../arm-none-eabi/lib/thumb/v7e-m/nofp/libm.a(lib_a-s_lib_ver.o)
 .comment       0x0000000000000033       0x34 /usr/lib/gcc/arm-none-eabi/10.3.1/../../../arm-none-eabi/lib/thumb/v7e-m/nofp/libm.a(lib_a-s_nan.o)
 .comment       0x0000000000000033       0x34 /usr/lib/gcc/arm-none-eabi/10.3.1/thumb/v7e-m/nofp/libgcc.a(_mulsc3.o)
 .comment       0x0000000000000033       0x34 /usr/lib/gcc/arm-none-eabi/10.3.1/../../../arm-none-eabi/lib/thumb/v7e-m/nofp/libg_nano.a(lib_a-errno.o)
 .comment       0x0000000000000033       0x34 /usr/lib/gcc/arm-none-eabi/10.3.1/../../../arm-none-eabi/lib/thumb/v7e-m/nofp/libg_nano.a(lib_a-impure.o)
 .comment       0x0000000000000033       0x34 /usr/lib/gcc/arm-none-eabi/10.3.1/../../../arm-none-eabi/lib/thumb/v7e-m/nofp/libg_nano.a(lib_a-init.o)
 .comment       0x0000000000000033       0x34 /usr/lib/gcc/arm-none-eabi/10.3.1/../../../arm-none-eabi/lib/thumb/v7e-m/nofp/libg_nano.a(lib_a-memset.o)
 .comment       0x0000000000000033       0x34 /usr/lib/gcc/arm-none-eabi/10.3.1/thumb/v7e-m/nofp/crtend.o

.debug_info     0x0000000000000000     0x78d1
 .debug_info    0x0000000000000000      0xc68 objdir-CW312_SAM4S/Toeplitz_FFT.o
 .debug_info    0x0000000000000c68      0x714 objdir-CW312_SAM4S/startup_sam4s.o
 .debug_info    0x000000000000137c      0x906 objdir-CW312_SAM4S/sam4s_hal.o
 .debug_info    0x0000000000001c82      0x89b objdir-CW312_SAM4S/uart.o
 .debug_info    0x000000000000251d     0x18ad objdir-CW312_SAM4S/pio.o
 .debug_info    0x0000000000003dca      0x457 objdir-CW312_SAM4S/system_sam4s.o
 .debug_info    0x0000000000004221     0x124c objdir-CW312_SAM4S/pmc.o
 .debug_info    0x000000000000546d      0x1f5 /usr/lib/gcc/arm-none-eabi/10.3.1/../../../arm-none-eabi/lib/thumb/v7e-m/nofp/libm.a(lib_a-s_round.o)
 .debug_info    0x0000000000005662      0x190 /usr/lib/gcc/arm-none-eabi/10.3.1/../../../arm-none-eabi/lib/thumb/v7e-m/nofp/libm.a(lib_a-w_log.o)
 .debug_info    0x00000000000057f2      0x5a9 /usr/lib/gcc/arm-none-eabi/10.3.1/../../../arm-none-eabi/lib/thumb/v7e-m/nofp/libm.a(lib_a-e_log.o)
 .debug_info    0x0000000000005d9b       0xbb /usr/lib/gcc/arm-none-eabi/10.3.1/../../../arm-none-eabi/lib/thumb/v7e-m/nofp/libm.a(lib_a-s_lib_ver.o)
 .debug_info    0x0000000000005e56       0xd2 /usr/lib/gcc/arm-none-eabi/10.3.1/../../../arm-none-eabi/lib/thumb/v7e-m/nofp/libm.a(lib_a-s_nan.o)
 .debug_info    0x0000000000005f28       0x26 /usr/lib/gcc/arm-none-eabi/10.3.1/thumb/v7e-m/nofp/libgcc.a(_arm_addsubdf3.o)
 .debug_info    0x0000000000005f4e       0x26 /usr/lib/gcc/arm-none-eabi/10.3.1/thumb/v7e-m/nofp/libgcc.a(_arm_muldivdf3.o)
 .debug_info    0x0000000000005f74       0x26 /usr/lib/gcc/arm-none-eabi/10.3.1/thumb/v7e-m/nofp/libgcc.a(_arm_cmpdf2.o)
 .debug_info    0x0000000000005f9a       0x26 /usr/lib/gcc/arm-none-eabi/10.3.1/thumb/v7e-m/nofp/libgcc.a(_arm_unorddf2.o)
 .debug_info    0x0000000000005fc0       0x26 /usr/lib/gcc/arm-none-eabi/10.3.1/thumb/v7e-m/nofp/libgcc.a(_arm_fixdfsi.o)
 .debug_info    0x0000000000005fe6       0x26 /usr/lib/gcc/arm-none-eabi/10.3.1/thumb/v7e-m/nofp/libgcc.a(_arm_addsubsf3.o)
 .debug_info    0x000000000000600c       0x26 /usr/lib/gcc/arm-none-eabi/10.3.1/thumb/v7e-m/nofp/libgcc.a(_arm_muldivsf3.o)
 .debug_info    0x0000000000006032      0x5cb /usr/lib/gcc/arm-none-eabi/10.3.1/thumb/v7e-m/nofp/libgcc.a(_mulsc3.o)
 .debug_info    0x00000000000065fd       0x26 /usr/lib/gcc/arm-none-eabi/10.3.1/thumb/v7e-m/nofp/libgcc.a(_arm_cmpsf2.o)
 .debug_info    0x0000000000006623       0x26 /usr/lib/gcc/arm-none-eabi/10.3.1/thumb/v7e-m/nofp/libgcc.a(_arm_unordsf2.o)
 .debug_info    0x0000000000006649      0x7ae /usr/lib/gcc/arm-none-eabi/10.3.1/../../../arm-none-eabi/lib/thumb/v7e-m/nofp/libg_nano.a(lib_a-errno.o)
 .debug_info    0x0000000000006df7      0x863 /usr/lib/gcc/arm-none-eabi/10.3.1/../../../arm-none-eabi/lib/thumb/v7e-m/nofp/libg_nano.a(lib_a-impure.o)
 .debug_info    0x000000000000765a      0x11a /usr/lib/gcc/arm-none-eabi/10.3.1/../../../arm-none-eabi/lib/thumb/v7e-m/nofp/libg_nano.a(lib_a-init.o)
 .debug_info    0x0000000000007774       0x26 /usr/lib/gcc/arm-none-eabi/10.3.1/../../../arm-none-eabi/lib/thumb/v7e-m/nofp/libg_nano.a(lib_a-memcpy.o)
 .debug_info    0x000000000000779a      0x137 /usr/lib/gcc/arm-none-eabi/10.3.1/../../../arm-none-eabi/lib/thumb/v7e-m/nofp/libg_nano.a(lib_a-memset.o)

.debug_abbrev   0x0000000000000000     0x1af5
 .debug_abbrev  0x0000000000000000      0x2fb objdir-CW312_SAM4S/Toeplitz_FFT.o
 .debug_abbrev  0x00000000000002fb      0x1cb objdir-CW312_SAM4S/startup_sam4s.o
 .debug_abbrev  0x00000000000004c6      0x277 objdir-CW312_SAM4S/sam4s_hal.o
 .debug_abbrev  0x000000000000073d      0x21f objdir-CW312_SAM4S/uart.o
 .debug_abbrev  0x000000000000095c      0x357 objdir-CW312_SAM4S/pio.o
 .debug_abbrev  0x0000000000000cb3      0x11f objdir-CW312_SAM4S/system_sam4s.o
 .debug_abbrev  0x0000000000000dd2      0x2a8 objdir-CW312_SAM4S/pmc.o
 .debug_abbrev  0x000000000000107a      0x12a /usr/lib/gcc/arm-none-eabi/10.3.1/../../../arm-none-eabi/lib/thumb/v7e-m/nofp/libm.a(lib_a-s_round.o)
 .debug_abbrev  0x00000000000011a4      0x10f /usr/lib/gcc/arm-none-eabi/10.3.1/../../../arm-none-eabi/lib/thumb/v7e-m/nofp/libm.a(lib_a-w_log.o)
 .debug_abbrev  0x00000000000012b3      0x148 /usr/lib/gcc/arm-none-eabi/10.3.1/../../../arm-none-eabi/lib/thumb/v7e-m/nofp/libm.a(lib_a-e_log.o)
 .debug_abbrev  0x00000000000013fb       0x6f /usr/lib/gcc/arm-none-eabi/10.3.1/../../../arm-none-eabi/lib/thumb/v7e-m/nofp/libm.a(lib_a-s_lib_ver.o)
 .debug_abbrev  0x000000000000146a       0x7b /usr/lib/gcc/arm-none-eabi/10.3.1/../../../arm-none-eabi/lib/thumb/v7e-m/nofp/libm.a(lib_a-s_nan.o)
 .debug_abbrev  0x00000000000014e5       0x14 /usr/lib/gcc/arm-none-eabi/10.3.1/thumb/v7e-m/nofp/libgcc.a(_arm_addsubdf3.o)
 .debug_abbrev  0x00000000000014f9       0x14 /usr/lib/gcc/arm-none-eabi/10.3.1/thumb/v7e-m/nofp/libgcc.a(_arm_muldivdf3.o)
 .debug_abbrev  0x000000000000150d       0x14 /usr/lib/gcc/arm-none-eabi/10.3.1/thumb/v7e-m/nofp/libgcc.a(_arm_cmpdf2.o)
 .debug_abbrev  0x0000000000001521       0x14 /usr/lib/gcc/arm-none-eabi/10.3.1/thumb/v7e-m/nofp/libgcc.a(_arm_unorddf2.o)
 .debug_abbrev  0x0000000000001535       0x14 /usr/lib/gcc/arm-none-eabi/10.3.1/thumb/v7e-m/nofp/libgcc.a(_arm_fixdfsi.o)
 .debug_abbrev  0x0000000000001549       0x14 /usr/lib/gcc/arm-none-eabi/10.3.1/thumb/v7e-m/nofp/libgcc.a(_arm_addsubsf3.o)
 .debug_abbrev  0x000000000000155d       0x14 /usr/lib/gcc/arm-none-eabi/10.3.1/thumb/v7e-m/nofp/libgcc.a(_arm_muldivsf3.o)
 .debug_abbrev  0x0000000000001571      0x120 /usr/lib/gcc/arm-none-eabi/10.3.1/thumb/v7e-m/nofp/libgcc.a(_mulsc3.o)
 .debug_abbrev  0x0000000000001691       0x14 /usr/lib/gcc/arm-none-eabi/10.3.1/thumb/v7e-m/nofp/libgcc.a(_arm_cmpsf2.o)
 .debug_abbrev  0x00000000000016a5       0x14 /usr/lib/gcc/arm-none-eabi/10.3.1/thumb/v7e-m/nofp/libgcc.a(_arm_unordsf2.o)
 .debug_abbrev  0x00000000000016b9      0x157 /usr/lib/gcc/arm-none-eabi/10.3.1/../../../arm-none-eabi/lib/thumb/v7e-m/nofp/libg_nano.a(lib_a-errno.o)
 .debug_abbrev  0x0000000000001810      0x151 /usr/lib/gcc/arm-none-eabi/10.3.1/../../../arm-none-eabi/lib/thumb/v7e-m/nofp/libg_nano.a(lib_a-impure.o)
 .debug_abbrev  0x0000000000001961       0xcc /usr/lib/gcc/arm-none-eabi/10.3.1/../../../arm-none-eabi/lib/thumb/v7e-m/nofp/libg_nano.a(lib_a-init.o)
 .debug_abbrev  0x0000000000001a2d       0x14 /usr/lib/gcc/arm-none-eabi/10.3.1/../../../arm-none-eabi/lib/thumb/v7e-m/nofp/libg_nano.a(lib_a-memcpy.o)
 .debug_abbrev  0x0000000000001a41       0xb4 /usr/lib/gcc/arm-none-eabi/10.3.1/../../../arm-none-eabi/lib/thumb/v7e-m/nofp/libg_nano.a(lib_a-memset.o)

.debug_loc      0x0000000000000000     0x3a54
 .debug_loc     0x0000000000000000      0xc9c objdir-CW312_SAM4S/Toeplitz_FFT.o
 .debug_loc     0x0000000000000c9c       0x51 objdir-CW312_SAM4S/startup_sam4s.o
 .debug_loc     0x0000000000000ced      0x1fd objdir-CW312_SAM4S/sam4s_hal.o
 .debug_loc     0x0000000000000eea      0x246 objdir-CW312_SAM4S/uart.o
 .debug_loc     0x0000000000001130      0xe03 objdir-CW312_SAM4S/pio.o
 .debug_loc     0x0000000000001f33       0x20 objdir-CW312_SAM4S/system_sam4s.o
 .debug_loc     0x0000000000001f53      0xa89 objdir-CW312_SAM4S/pmc.o
 .debug_loc     0x00000000000029dc      0x21d /usr/lib/gcc/arm-none-eabi/10.3.1/../../../arm-none-eabi/lib/thumb/v7e-m/nofp/libm.a(lib_a-s_round.o)
 .debug_loc     0x0000000000002bf9       0x58 /usr/lib/gcc/arm-none-eabi/10.3.1/../../../arm-none-eabi/lib/thumb/v7e-m/nofp/libm.a(lib_a-w_log.o)
 .debug_loc     0x0000000000002c51      0x7dd /usr/lib/gcc/arm-none-eabi/10.3.1/../../../arm-none-eabi/lib/thumb/v7e-m/nofp/libm.a(lib_a-e_log.o)
 .debug_loc     0x000000000000342e       0x25 /usr/lib/gcc/arm-none-eabi/10.3.1/../../../arm-none-eabi/lib/thumb/v7e-m/nofp/libm.a(lib_a-s_nan.o)
 .debug_loc     0x0000000000003453      0x31b /usr/lib/gcc/arm-none-eabi/10.3.1/thumb/v7e-m/nofp/libgcc.a(_mulsc3.o)
 .debug_loc     0x000000000000376e       0xba /usr/lib/gcc/arm-none-eabi/10.3.1/../../../arm-none-eabi/lib/thumb/v7e-m/nofp/libg_nano.a(lib_a-init.o)
 .debug_loc     0x0000000000003828      0x22c /usr/lib/gcc/arm-none-eabi/10.3.1/../../../arm-none-eabi/lib/thumb/v7e-m/nofp/libg_nano.a(lib_a-memset.o)

.debug_aranges  0x0000000000000000      0x810
 .debug_aranges
                0x0000000000000000       0x80 objdir-CW312_SAM4S/Toeplitz_FFT.o
 .debug_aranges
                0x0000000000000080       0x28 objdir-CW312_SAM4S/startup_sam4s.o
 .debug_aranges
                0x00000000000000a8       0x50 objdir-CW312_SAM4S/sam4s_hal.o
 .debug_aranges
                0x00000000000000f8       0xe0 objdir-CW312_SAM4S/uart.o
 .debug_aranges
                0x00000000000001d8      0x190 objdir-CW312_SAM4S/pio.o
 .debug_aranges
                0x0000000000000368       0x30 objdir-CW312_SAM4S/system_sam4s.o
 .debug_aranges
                0x0000000000000398      0x208 objdir-CW312_SAM4S/pmc.o
 .debug_aranges
                0x00000000000005a0       0x20 /usr/lib/gcc/arm-none-eabi/10.3.1/../../../arm-none-eabi/lib/thumb/v7e-m/nofp/libm.a(lib_a-s_round.o)
 .debug_aranges
                0x00000000000005c0       0x20 /usr/lib/gcc/arm-none-eabi/10.3.1/../../../arm-none-eabi/lib/thumb/v7e-m/nofp/libm.a(lib_a-w_log.o)
 .debug_aranges
                0x00000000000005e0       0x20 /usr/lib/gcc/arm-none-eabi/10.3.1/../../../arm-none-eabi/lib/thumb/v7e-m/nofp/libm.a(lib_a-e_log.o)
 .debug_aranges
                0x0000000000000600       0x18 /usr/lib/gcc/arm-none-eabi/10.3.1/../../../arm-none-eabi/lib/thumb/v7e-m/nofp/libm.a(lib_a-s_lib_ver.o)
 .debug_aranges
                0x0000000000000618       0x20 /usr/lib/gcc/arm-none-eabi/10.3.1/../../../arm-none-eabi/lib/thumb/v7e-m/nofp/libm.a(lib_a-s_nan.o)
 .debug_aranges
                0x0000000000000638       0x20 /usr/lib/gcc/arm-none-eabi/10.3.1/thumb/v7e-m/nofp/libgcc.a(_arm_addsubdf3.o)
 .debug_aranges
                0x0000000000000658       0x20 /usr/lib/gcc/arm-none-eabi/10.3.1/thumb/v7e-m/nofp/libgcc.a(_arm_muldivdf3.o)
 .debug_aranges
                0x0000000000000678       0x20 /usr/lib/gcc/arm-none-eabi/10.3.1/thumb/v7e-m/nofp/libgcc.a(_arm_cmpdf2.o)
 .debug_aranges
                0x0000000000000698       0x20 /usr/lib/gcc/arm-none-eabi/10.3.1/thumb/v7e-m/nofp/libgcc.a(_arm_unorddf2.o)
 .debug_aranges
                0x00000000000006b8       0x20 /usr/lib/gcc/arm-none-eabi/10.3.1/thumb/v7e-m/nofp/libgcc.a(_arm_fixdfsi.o)
 .debug_aranges
                0x00000000000006d8       0x20 /usr/lib/gcc/arm-none-eabi/10.3.1/thumb/v7e-m/nofp/libgcc.a(_arm_addsubsf3.o)
 .debug_aranges
                0x00000000000006f8       0x20 /usr/lib/gcc/arm-none-eabi/10.3.1/thumb/v7e-m/nofp/libgcc.a(_arm_muldivsf3.o)
 .debug_aranges
                0x0000000000000718       0x20 /usr/lib/gcc/arm-none-eabi/10.3.1/thumb/v7e-m/nofp/libgcc.a(_mulsc3.o)
 .debug_aranges
                0x0000000000000738       0x20 /usr/lib/gcc/arm-none-eabi/10.3.1/thumb/v7e-m/nofp/libgcc.a(_arm_cmpsf2.o)
 .debug_aranges
                0x0000000000000758       0x20 /usr/lib/gcc/arm-none-eabi/10.3.1/thumb/v7e-m/nofp/libgcc.a(_arm_unordsf2.o)
 .debug_aranges
                0x0000000000000778       0x20 /usr/lib/gcc/arm-none-eabi/10.3.1/../../../arm-none-eabi/lib/thumb/v7e-m/nofp/libg_nano.a(lib_a-errno.o)
 .debug_aranges
                0x0000000000000798       0x18 /usr/lib/gcc/arm-none-eabi/10.3.1/../../../arm-none-eabi/lib/thumb/v7e-m/nofp/libg_nano.a(lib_a-impure.o)
 .debug_aranges
                0x00000000000007b0       0x20 /usr/lib/gcc/arm-none-eabi/10.3.1/../../../arm-none-eabi/lib/thumb/v7e-m/nofp/libg_nano.a(lib_a-init.o)
 .debug_aranges
                0x00000000000007d0       0x20 /usr/lib/gcc/arm-none-eabi/10.3.1/../../../arm-none-eabi/lib/thumb/v7e-m/nofp/libg_nano.a(lib_a-memcpy.o)
 .debug_aranges
                0x00000000000007f0       0x20 /usr/lib/gcc/arm-none-eabi/10.3.1/../../../arm-none-eabi/lib/thumb/v7e-m/nofp/libg_nano.a(lib_a-memset.o)

.debug_ranges   0x0000000000000000      0x940
 .debug_ranges  0x0000000000000000      0x2e0 objdir-CW312_SAM4S/Toeplitz_FFT.o
 .debug_ranges  0x00000000000002e0       0x18 objdir-CW312_SAM4S/startup_sam4s.o
 .debug_ranges  0x00000000000002f8       0xa8 objdir-CW312_SAM4S/sam4s_hal.o
 .debug_ranges  0x00000000000003a0       0xd0 objdir-CW312_SAM4S/uart.o
 .debug_ranges  0x0000000000000470      0x210 objdir-CW312_SAM4S/pio.o
 .debug_ranges  0x0000000000000680       0x20 objdir-CW312_SAM4S/system_sam4s.o
 .debug_ranges  0x00000000000006a0      0x240 objdir-CW312_SAM4S/pmc.o
 .debug_ranges  0x00000000000008e0       0x18 /usr/lib/gcc/arm-none-eabi/10.3.1/../../../arm-none-eabi/lib/thumb/v7e-m/nofp/libm.a(lib_a-s_round.o)
 .debug_ranges  0x00000000000008f8       0x48 /usr/lib/gcc/arm-none-eabi/10.3.1/../../../arm-none-eabi/lib/thumb/v7e-m/nofp/libm.a(lib_a-e_log.o)

.debug_macro    0x0000000000000000     0xfe9b
 .debug_macro   0x0000000000000000      0x25b objdir-CW312_SAM4S/Toeplitz_FFT.o
 .debug_macro   0x000000000000025b      0xacc objdir-CW312_SAM4S/Toeplitz_FFT.o
 .debug_macro   0x0000000000000d27      0x34e objdir-CW312_SAM4S/Toeplitz_FFT.o
 .debug_macro   0x0000000000001075      0x17e objdir-CW312_SAM4S/Toeplitz_FFT.o
 .debug_macro   0x00000000000011f3       0x18 objdir-CW312_SAM4S/Toeplitz_FFT.o
 .debug_macro   0x000000000000120b       0x22 objdir-CW312_SAM4S/Toeplitz_FFT.o
 .debug_macro   0x000000000000122d       0x52 objdir-CW312_SAM4S/Toeplitz_FFT.o
 .debug_macro   0x000000000000127f       0x94 objdir-CW312_SAM4S/Toeplitz_FFT.o
 .debug_macro   0x0000000000001313       0x35 objdir-CW312_SAM4S/Toeplitz_FFT.o
 .debug_macro   0x0000000000001348       0x34 objdir-CW312_SAM4S/Toeplitz_FFT.o
 .debug_macro   0x000000000000137c       0x16 objdir-CW312_SAM4S/Toeplitz_FFT.o
 .debug_macro   0x0000000000001392      0x10e objdir-CW312_SAM4S/Toeplitz_FFT.o
 .debug_macro   0x00000000000014a0       0x86 objdir-CW312_SAM4S/Toeplitz_FFT.o
 .debug_macro   0x0000000000001526       0x16 objdir-CW312_SAM4S/Toeplitz_FFT.o
 .debug_macro   0x000000000000153c       0x43 objdir-CW312_SAM4S/Toeplitz_FFT.o
 .debug_macro   0x000000000000157f       0x57 objdir-CW312_SAM4S/Toeplitz_FFT.o
 .debug_macro   0x00000000000015d6       0x34 objdir-CW312_SAM4S/Toeplitz_FFT.o
 .debug_macro   0x000000000000160a       0x10 objdir-CW312_SAM4S/Toeplitz_FFT.o
 .debug_macro   0x000000000000161a       0x52 objdir-CW312_SAM4S/Toeplitz_FFT.o
 .debug_macro   0x000000000000166c      0x182 objdir-CW312_SAM4S/Toeplitz_FFT.o
 .debug_macro   0x00000000000017ee      0x356 objdir-CW312_SAM4S/Toeplitz_FFT.o
 .debug_macro   0x0000000000001b44       0x16 objdir-CW312_SAM4S/Toeplitz_FFT.o
 .debug_macro   0x0000000000001b5a       0x29 objdir-CW312_SAM4S/Toeplitz_FFT.o
 .debug_macro   0x0000000000001b83       0x1c objdir-CW312_SAM4S/Toeplitz_FFT.o
 .debug_macro   0x0000000000001b9f       0x35 objdir-CW312_SAM4S/Toeplitz_FFT.o
 .debug_macro   0x0000000000001bd4       0x10 objdir-CW312_SAM4S/Toeplitz_FFT.o
 .debug_macro   0x0000000000001be4       0x10 objdir-CW312_SAM4S/Toeplitz_FFT.o
 .debug_macro   0x0000000000001bf4       0x6a objdir-CW312_SAM4S/Toeplitz_FFT.o
 .debug_macro   0x0000000000001c5e       0x1c objdir-CW312_SAM4S/Toeplitz_FFT.o
 .debug_macro   0x0000000000001c7a       0x52 objdir-CW312_SAM4S/Toeplitz_FFT.o
 .debug_macro   0x0000000000001ccc       0x22 objdir-CW312_SAM4S/Toeplitz_FFT.o
 .debug_macro   0x0000000000001cee       0x10 objdir-CW312_SAM4S/Toeplitz_FFT.o
 .debug_macro   0x0000000000001cfe       0x40 objdir-CW312_SAM4S/Toeplitz_FFT.o
 .debug_macro   0x0000000000001d3e       0xd5 objdir-CW312_SAM4S/Toeplitz_FFT.o
 .debug_macro   0x0000000000001e13       0x1c objdir-CW312_SAM4S/Toeplitz_FFT.o
 .debug_macro   0x0000000000001e2f       0x3d objdir-CW312_SAM4S/Toeplitz_FFT.o
 .debug_macro   0x0000000000001e6c       0x16 objdir-CW312_SAM4S/Toeplitz_FFT.o
 .debug_macro   0x0000000000001e82      0x16f objdir-CW312_SAM4S/Toeplitz_FFT.o
 .debug_macro   0x0000000000001ff1      0x1a9 objdir-CW312_SAM4S/Toeplitz_FFT.o
 .debug_macro   0x000000000000219a       0x1c objdir-CW312_SAM4S/Toeplitz_FFT.o
 .debug_macro   0x00000000000021b6       0x16 objdir-CW312_SAM4S/Toeplitz_FFT.o
 .debug_macro   0x00000000000021cc       0x10 objdir-CW312_SAM4S/Toeplitz_FFT.o
 .debug_macro   0x00000000000021dc       0x10 objdir-CW312_SAM4S/Toeplitz_FFT.o
 .debug_macro   0x00000000000021ec       0x35 objdir-CW312_SAM4S/Toeplitz_FFT.o
 .debug_macro   0x0000000000002221      0x296 objdir-CW312_SAM4S/startup_sam4s.o
 .debug_macro   0x00000000000024b7       0x27 objdir-CW312_SAM4S/startup_sam4s.o
 .debug_macro   0x00000000000024de       0x3b objdir-CW312_SAM4S/startup_sam4s.o
 .debug_macro   0x0000000000002519       0x2d objdir-CW312_SAM4S/startup_sam4s.o
 .debug_macro   0x0000000000002546       0x26 objdir-CW312_SAM4S/startup_sam4s.o
 .debug_macro   0x000000000000256c      0xbbf objdir-CW312_SAM4S/startup_sam4s.o
 .debug_macro   0x000000000000312b      0x154 objdir-CW312_SAM4S/startup_sam4s.o
 .debug_macro   0x000000000000327f      0xaa5 objdir-CW312_SAM4S/startup_sam4s.o
 .debug_macro   0x0000000000003d24      0x1b4 objdir-CW312_SAM4S/startup_sam4s.o
 .debug_macro   0x0000000000003ed8       0xac objdir-CW312_SAM4S/startup_sam4s.o
 .debug_macro   0x0000000000003f84      0x3f7 objdir-CW312_SAM4S/startup_sam4s.o
 .debug_macro   0x000000000000437b      0x106 objdir-CW312_SAM4S/startup_sam4s.o
 .debug_macro   0x0000000000004481       0x1c objdir-CW312_SAM4S/startup_sam4s.o
 .debug_macro   0x000000000000449d      0x72f objdir-CW312_SAM4S/startup_sam4s.o
 .debug_macro   0x0000000000004bcc      0x2c9 objdir-CW312_SAM4S/startup_sam4s.o
 .debug_macro   0x0000000000004e95       0xbe objdir-CW312_SAM4S/startup_sam4s.o
 .debug_macro   0x0000000000004f53     0x2807 objdir-CW312_SAM4S/startup_sam4s.o
 .debug_macro   0x000000000000775a      0x76e objdir-CW312_SAM4S/startup_sam4s.o
 .debug_macro   0x0000000000007ec8      0xa84 objdir-CW312_SAM4S/startup_sam4s.o
 .debug_macro   0x000000000000894c       0x9a objdir-CW312_SAM4S/startup_sam4s.o
 .debug_macro   0x00000000000089e6      0x3cf objdir-CW312_SAM4S/startup_sam4s.o
 .debug_macro   0x0000000000008db5       0x64 objdir-CW312_SAM4S/startup_sam4s.o
 .debug_macro   0x0000000000008e19      0x37c objdir-CW312_SAM4S/startup_sam4s.o
 .debug_macro   0x0000000000009195      0x61b objdir-CW312_SAM4S/startup_sam4s.o
 .debug_macro   0x00000000000097b0      0x686 objdir-CW312_SAM4S/startup_sam4s.o
 .debug_macro   0x0000000000009e36      0x595 objdir-CW312_SAM4S/startup_sam4s.o
 .debug_macro   0x000000000000a3cb      0x344 objdir-CW312_SAM4S/startup_sam4s.o
 .debug_macro   0x000000000000a70f      0x283 objdir-CW312_SAM4S/startup_sam4s.o
 .debug_macro   0x000000000000a992      0x2cd objdir-CW312_SAM4S/startup_sam4s.o
 .debug_macro   0x000000000000ac5f      0x6cf objdir-CW312_SAM4S/startup_sam4s.o
 .debug_macro   0x000000000000b32e       0x76 objdir-CW312_SAM4S/startup_sam4s.o
 .debug_macro   0x000000000000b3a4       0xb8 objdir-CW312_SAM4S/startup_sam4s.o
 .debug_macro   0x000000000000b45c       0xb2 objdir-CW312_SAM4S/startup_sam4s.o
 .debug_macro   0x000000000000b50e       0x88 objdir-CW312_SAM4S/startup_sam4s.o
 .debug_macro   0x000000000000b596      0x100 objdir-CW312_SAM4S/startup_sam4s.o
 .debug_macro   0x000000000000b696       0x88 objdir-CW312_SAM4S/startup_sam4s.o
 .debug_macro   0x000000000000b71e       0x88 objdir-CW312_SAM4S/startup_sam4s.o
 .debug_macro   0x000000000000b7a6      0x2cd objdir-CW312_SAM4S/startup_sam4s.o
 .debug_macro   0x000000000000ba73       0xb2 objdir-CW312_SAM4S/startup_sam4s.o
 .debug_macro   0x000000000000bb25       0xb2 objdir-CW312_SAM4S/startup_sam4s.o
 .debug_macro   0x000000000000bbd7       0x52 objdir-CW312_SAM4S/startup_sam4s.o
 .debug_macro   0x000000000000bc29       0xac objdir-CW312_SAM4S/startup_sam4s.o
 .debug_macro   0x000000000000bcd5       0x7c objdir-CW312_SAM4S/startup_sam4s.o
 .debug_macro   0x000000000000bd51       0x40 objdir-CW312_SAM4S/startup_sam4s.o
 .debug_macro   0x000000000000bd91       0x64 objdir-CW312_SAM4S/startup_sam4s.o
 .debug_macro   0x000000000000bdf5       0x4c objdir-CW312_SAM4S/startup_sam4s.o
 .debug_macro   0x000000000000be41       0xa6 objdir-CW312_SAM4S/startup_sam4s.o
 .debug_macro   0x000000000000bee7       0x7c objdir-CW312_SAM4S/startup_sam4s.o
 .debug_macro   0x000000000000bf63       0x16 objdir-CW312_SAM4S/startup_sam4s.o
 .debug_macro   0x000000000000bf79       0x7c objdir-CW312_SAM4S/startup_sam4s.o
 .debug_macro   0x000000000000bff5       0x22 objdir-CW312_SAM4S/startup_sam4s.o
 .debug_macro   0x000000000000c017      0x18b objdir-CW312_SAM4S/startup_sam4s.o
 .debug_macro   0x000000000000c1a2      0x15b objdir-CW312_SAM4S/startup_sam4s.o
 .debug_macro   0x000000000000c2fd       0x1c objdir-CW312_SAM4S/startup_sam4s.o
 .debug_macro   0x000000000000c319       0x2e objdir-CW312_SAM4S/startup_sam4s.o
 .debug_macro   0x000000000000c347       0x22 objdir-CW312_SAM4S/startup_sam4s.o
 .debug_macro   0x000000000000c369       0x1c objdir-CW312_SAM4S/startup_sam4s.o
 .debug_macro   0x000000000000c385       0x52 objdir-CW312_SAM4S/startup_sam4s.o
 .debug_macro   0x000000000000c3d7       0x10 objdir-CW312_SAM4S/startup_sam4s.o
 .debug_macro   0x000000000000c3e7      0x1e7 objdir-CW312_SAM4S/startup_sam4s.o
 .debug_macro   0x000000000000c5ce      0x605 objdir-CW312_SAM4S/startup_sam4s.o
 .debug_macro   0x000000000000cbd3      0x107 objdir-CW312_SAM4S/startup_sam4s.o
 .debug_macro   0x000000000000ccda      0x579 objdir-CW312_SAM4S/sam4s_hal.o
 .debug_macro   0x000000000000d253      0x6d7 objdir-CW312_SAM4S/sam4s_hal.o
 .debug_macro   0x000000000000d92a      0x16d objdir-CW312_SAM4S/sam4s_hal.o
 .debug_macro   0x000000000000da97       0x76 objdir-CW312_SAM4S/sam4s_hal.o
 .debug_macro   0x000000000000db0d       0x16 objdir-CW312_SAM4S/sam4s_hal.o
 .debug_macro   0x000000000000db23      0x6da objdir-CW312_SAM4S/sam4s_hal.o
 .debug_macro   0x000000000000e1fd       0x2d objdir-CW312_SAM4S/sam4s_hal.o
 .debug_macro   0x000000000000e22a       0x16 objdir-CW312_SAM4S/sam4s_hal.o
 .debug_macro   0x000000000000e240       0x22 objdir-CW312_SAM4S/sam4s_hal.o
 .debug_macro   0x000000000000e262       0x73 objdir-CW312_SAM4S/sam4s_hal.o
 .debug_macro   0x000000000000e2d5       0x3e objdir-CW312_SAM4S/sam4s_hal.o
 .debug_macro   0x000000000000e313      0x3ca objdir-CW312_SAM4S/sam4s_hal.o
 .debug_macro   0x000000000000e6dd      0x2cb objdir-CW312_SAM4S/sam4s_hal.o
 .debug_macro   0x000000000000e9a8       0x22 objdir-CW312_SAM4S/sam4s_hal.o
 .debug_macro   0x000000000000e9ca       0x58 objdir-CW312_SAM4S/sam4s_hal.o
 .debug_macro   0x000000000000ea22       0x64 objdir-CW312_SAM4S/sam4s_hal.o
 .debug_macro   0x000000000000ea86       0x46 objdir-CW312_SAM4S/sam4s_hal.o
 .debug_macro   0x000000000000eacc       0x16 objdir-CW312_SAM4S/sam4s_hal.o
 .debug_macro   0x000000000000eae2       0x94 objdir-CW312_SAM4S/sam4s_hal.o
 .debug_macro   0x000000000000eb76       0x1c objdir-CW312_SAM4S/sam4s_hal.o
 .debug_macro   0x000000000000eb92       0xa4 objdir-CW312_SAM4S/sam4s_hal.o
 .debug_macro   0x000000000000ec36       0x46 objdir-CW312_SAM4S/sam4s_hal.o
 .debug_macro   0x000000000000ec7c      0x4d5 objdir-CW312_SAM4S/uart.o
 .debug_macro   0x000000000000f151       0x16 objdir-CW312_SAM4S/uart.o
 .debug_macro   0x000000000000f167      0x4db objdir-CW312_SAM4S/pio.o
 .debug_macro   0x000000000000f642       0x8e objdir-CW312_SAM4S/pio.o
 .debug_macro   0x000000000000f6d0      0x29e objdir-CW312_SAM4S/system_sam4s.o
 .debug_macro   0x000000000000f96e      0x4db objdir-CW312_SAM4S/pmc.o
 .debug_macro   0x000000000000fe49       0x52 objdir-CW312_SAM4S/pmc.o

.debug_line     0x0000000000000000     0x716e
 .debug_line    0x0000000000000000      0xaae objdir-CW312_SAM4S/Toeplitz_FFT.o
 .debug_line    0x0000000000000aae      0x64a objdir-CW312_SAM4S/startup_sam4s.o
 .debug_line    0x00000000000010f8      0xb33 objdir-CW312_SAM4S/sam4s_hal.o
 .debug_line    0x0000000000001c2b      0xb19 objdir-CW312_SAM4S/uart.o
 .debug_line    0x0000000000002744     0x11cd objdir-CW312_SAM4S/pio.o
 .debug_line    0x0000000000003911      0x6f9 objdir-CW312_SAM4S/system_sam4s.o
 .debug_line    0x000000000000400a     0x1781 objdir-CW312_SAM4S/pmc.o
 .debug_line    0x000000000000578b      0x1f2 /usr/lib/gcc/arm-none-eabi/10.3.1/../../../arm-none-eabi/lib/thumb/v7e-m/nofp/libm.a(lib_a-s_round.o)
 .debug_line    0x000000000000597d      0x185 /usr/lib/gcc/arm-none-eabi/10.3.1/../../../arm-none-eabi/lib/thumb/v7e-m/nofp/libm.a(lib_a-w_log.o)
 .debug_line    0x0000000000005b02      0x434 /usr/lib/gcc/arm-none-eabi/10.3.1/../../../arm-none-eabi/lib/thumb/v7e-m/nofp/libm.a(lib_a-e_log.o)
 .debug_line    0x0000000000005f36       0x97 /usr/lib/gcc/arm-none-eabi/10.3.1/../../../arm-none-eabi/lib/thumb/v7e-m/nofp/libm.a(lib_a-s_lib_ver.o)
 .debug_line    0x0000000000005fcd       0xae /usr/lib/gcc/arm-none-eabi/10.3.1/../../../arm-none-eabi/lib/thumb/v7e-m/nofp/libm.a(lib_a-s_nan.o)
 .debug_line    0x000000000000607b      0x186 /usr/lib/gcc/arm-none-eabi/10.3.1/thumb/v7e-m/nofp/libgcc.a(_arm_addsubdf3.o)
 .debug_line    0x0000000000006201      0x19b /usr/lib/gcc/arm-none-eabi/10.3.1/thumb/v7e-m/nofp/libgcc.a(_arm_muldivdf3.o)
 .debug_line    0x000000000000639c       0xbd /usr/lib/gcc/arm-none-eabi/10.3.1/thumb/v7e-m/nofp/libgcc.a(_arm_cmpdf2.o)
 .debug_line    0x0000000000006459       0x6e /usr/lib/gcc/arm-none-eabi/10.3.1/thumb/v7e-m/nofp/libgcc.a(_arm_unorddf2.o)
 .debug_line    0x00000000000064c7       0x79 /usr/lib/gcc/arm-none-eabi/10.3.1/thumb/v7e-m/nofp/libgcc.a(_arm_fixdfsi.o)
 .debug_line    0x0000000000006540      0x11a /usr/lib/gcc/arm-none-eabi/10.3.1/thumb/v7e-m/nofp/libgcc.a(_arm_addsubsf3.o)
 .debug_line    0x000000000000665a      0x13a /usr/lib/gcc/arm-none-eabi/10.3.1/thumb/v7e-m/nofp/libgcc.a(_arm_muldivsf3.o)
 .debug_line    0x0000000000006794      0x319 /usr/lib/gcc/arm-none-eabi/10.3.1/thumb/v7e-m/nofp/libgcc.a(_mulsc3.o)
 .debug_line    0x0000000000006aad       0xb1 /usr/lib/gcc/arm-none-eabi/10.3.1/thumb/v7e-m/nofp/libgcc.a(_arm_cmpsf2.o)
 .debug_line    0x0000000000006b5e       0x6e /usr/lib/gcc/arm-none-eabi/10.3.1/thumb/v7e-m/nofp/libgcc.a(_arm_unordsf2.o)
 .debug_line    0x0000000000006bcc      0x109 /usr/lib/gcc/arm-none-eabi/10.3.1/../../../arm-none-eabi/lib/thumb/v7e-m/nofp/libg_nano.a(lib_a-errno.o)
 .debug_line    0x0000000000006cd5       0xe4 /usr/lib/gcc/arm-none-eabi/10.3.1/../../../arm-none-eabi/lib/thumb/v7e-m/nofp/libg_nano.a(lib_a-impure.o)
 .debug_line    0x0000000000006db9      0x138 /usr/lib/gcc/arm-none-eabi/10.3.1/../../../arm-none-eabi/lib/thumb/v7e-m/nofp/libg_nano.a(lib_a-init.o)
 .debug_line    0x0000000000006ef1       0xbe /usr/lib/gcc/arm-none-eabi/10.3.1/../../../arm-none-eabi/lib/thumb/v7e-m/nofp/libg_nano.a(lib_a-memcpy.o)
 .debug_line    0x0000000000006faf      0x1bf /usr/lib/gcc/arm-none-eabi/10.3.1/../../../arm-none-eabi/lib/thumb/v7e-m/nofp/libg_nano.a(lib_a-memset.o)

.debug_str      0x0000000000000000    0x4cd96
 .debug_str     0x0000000000000000     0x85a4 objdir-CW312_SAM4S/Toeplitz_FFT.o
                                       0x8806 (size before relaxing)
 .debug_str     0x00000000000085a4    0x34923 objdir-CW312_SAM4S/startup_sam4s.o
                                      0x38281 (size before relaxing)
 .debug_str     0x000000000003cec7     0xdc68 objdir-CW312_SAM4S/sam4s_hal.o
                                      0x49b1d (size before relaxing)
 .debug_str     0x000000000004ab2f      0x242 objdir-CW312_SAM4S/uart.o
                                      0x482f8 (size before relaxing)
 .debug_str     0x000000000004ad71      0x7ad objdir-CW312_SAM4S/pio.o
                                      0x48b6f (size before relaxing)
 .debug_str     0x000000000004b51e      0x1ab objdir-CW312_SAM4S/system_sam4s.o
                                      0x3801e (size before relaxing)
 .debug_str     0x000000000004b6c9      0x612 objdir-CW312_SAM4S/pmc.o
                                      0x489c3 (size before relaxing)
 .debug_str     0x000000000004bcdb      0x176 /usr/lib/gcc/arm-none-eabi/10.3.1/../../../arm-none-eabi/lib/thumb/v7e-m/nofp/libm.a(lib_a-s_round.o)
                                        0x224 (size before relaxing)
 .debug_str     0x000000000004be51       0xcc /usr/lib/gcc/arm-none-eabi/10.3.1/../../../arm-none-eabi/lib/thumb/v7e-m/nofp/libm.a(lib_a-w_log.o)
                                        0x21c (size before relaxing)
 .debug_str     0x000000000004bf1d       0x87 /usr/lib/gcc/arm-none-eabi/10.3.1/../../../arm-none-eabi/lib/thumb/v7e-m/nofp/libm.a(lib_a-e_log.o)
                                        0x25d (size before relaxing)
 .debug_str     0x000000000004bfa4      0x10e /usr/lib/gcc/arm-none-eabi/10.3.1/../../../arm-none-eabi/lib/thumb/v7e-m/nofp/libm.a(lib_a-s_lib_ver.o)
                                        0x1ee (size before relaxing)
 .debug_str     0x000000000004c0b2       0x3a /usr/lib/gcc/arm-none-eabi/10.3.1/../../../arm-none-eabi/lib/thumb/v7e-m/nofp/libm.a(lib_a-s_nan.o)
                                        0x1b3 (size before relaxing)
 .debug_str     0x000000000004c0ec       0xa8 /usr/lib/gcc/arm-none-eabi/10.3.1/thumb/v7e-m/nofp/libgcc.a(_arm_addsubdf3.o)
 .debug_str     0x000000000004c194       0xa8 /usr/lib/gcc/arm-none-eabi/10.3.1/thumb/v7e-m/nofp/libgcc.a(_arm_muldivdf3.o)
 .debug_str     0x000000000004c194       0xa8 /usr/lib/gcc/arm-none-eabi/10.3.1/thumb/v7e-m/nofp/libgcc.a(_arm_cmpdf2.o)
 .debug_str     0x000000000004c194       0xa8 /usr/lib/gcc/arm-none-eabi/10.3.1/thumb/v7e-m/nofp/libgcc.a(_arm_unorddf2.o)
 .debug_str     0x000000000004c194       0xa8 /usr/lib/gcc/arm-none-eabi/10.3.1/thumb/v7e-m/nofp/libgcc.a(_arm_fixdfsi.o)
 .debug_str     0x000000000004c194       0x31 /usr/lib/gcc/arm-none-eabi/10.3.1/thumb/v7e-m/nofp/libgcc.a(_arm_addsubsf3.o)
                                         0xa8 (size before relaxing)
 .debug_str     0x000000000004c1c5       0xa8 /usr/lib/gcc/arm-none-eabi/10.3.1/thumb/v7e-m/nofp/libgcc.a(_arm_muldivsf3.o)
 .debug_str     0x000000000004c1c5      0x536 /usr/lib/gcc/arm-none-eabi/10.3.1/thumb/v7e-m/nofp/libgcc.a(_mulsc3.o)
                                        0x645 (size before relaxing)
 .debug_str     0x000000000004c6fb       0xa8 /usr/lib/gcc/arm-none-eabi/10.3.1/thumb/v7e-m/nofp/libgcc.a(_arm_cmpsf2.o)
 .debug_str     0x000000000004c6fb       0xa8 /usr/lib/gcc/arm-none-eabi/10.3.1/thumb/v7e-m/nofp/libgcc.a(_arm_unordsf2.o)
 .debug_str     0x000000000004c6fb      0x396 /usr/lib/gcc/arm-none-eabi/10.3.1/../../../arm-none-eabi/lib/thumb/v7e-m/nofp/libg_nano.a(lib_a-errno.o)
                                        0x501 (size before relaxing)
 .debug_str     0x000000000004ca91       0xdc /usr/lib/gcc/arm-none-eabi/10.3.1/../../../arm-none-eabi/lib/thumb/v7e-m/nofp/libg_nano.a(lib_a-impure.o)
                                        0x558 (size before relaxing)
 .debug_str     0x000000000004cb6d       0xdb /usr/lib/gcc/arm-none-eabi/10.3.1/../../../arm-none-eabi/lib/thumb/v7e-m/nofp/libg_nano.a(lib_a-init.o)
                                        0x205 (size before relaxing)
 .debug_str     0x000000000004cc48       0xa7 /usr/lib/gcc/arm-none-eabi/10.3.1/../../../arm-none-eabi/lib/thumb/v7e-m/nofp/libg_nano.a(lib_a-memcpy.o)
                                         0xb3 (size before relaxing)
 .debug_str     0x000000000004ccef       0xa7 /usr/lib/gcc/arm-none-eabi/10.3.1/../../../arm-none-eabi/lib/thumb/v7e-m/nofp/libg_nano.a(lib_a-memset.o)
                                        0x1ba (size before relaxing)

.debug_frame    0x0000000000000000     0x1168
 .debug_frame   0x0000000000000000      0x1cc objdir-CW312_SAM4S/Toeplitz_FFT.o
 .debug_frame   0x00000000000001cc       0x38 objdir-CW312_SAM4S/startup_sam4s.o
 .debug_frame   0x0000000000000204       0xdc objdir-CW312_SAM4S/sam4s_hal.o
 .debug_frame   0x00000000000002e0      0x1b8 objdir-CW312_SAM4S/uart.o
 .debug_frame   0x0000000000000498      0x374 objdir-CW312_SAM4S/pio.o
 .debug_frame   0x000000000000080c       0x48 objdir-CW312_SAM4S/system_sam4s.o
 .debug_frame   0x0000000000000854      0x410 objdir-CW312_SAM4S/pmc.o
 .debug_frame   0x0000000000000c64       0x2c /usr/lib/gcc/arm-none-eabi/10.3.1/../../../arm-none-eabi/lib/thumb/v7e-m/nofp/libm.a(lib_a-s_round.o)
 .debug_frame   0x0000000000000c90       0x38 /usr/lib/gcc/arm-none-eabi/10.3.1/../../../arm-none-eabi/lib/thumb/v7e-m/nofp/libm.a(lib_a-w_log.o)
 .debug_frame   0x0000000000000cc8       0x54 /usr/lib/gcc/arm-none-eabi/10.3.1/../../../arm-none-eabi/lib/thumb/v7e-m/nofp/libm.a(lib_a-e_log.o)
 .debug_frame   0x0000000000000d1c       0x20 /usr/lib/gcc/arm-none-eabi/10.3.1/../../../arm-none-eabi/lib/thumb/v7e-m/nofp/libm.a(lib_a-s_nan.o)
 .debug_frame   0x0000000000000d3c       0xac /usr/lib/gcc/arm-none-eabi/10.3.1/thumb/v7e-m/nofp/libgcc.a(_arm_addsubdf3.o)
 .debug_frame   0x0000000000000de8       0x50 /usr/lib/gcc/arm-none-eabi/10.3.1/thumb/v7e-m/nofp/libgcc.a(_arm_muldivdf3.o)
 .debug_frame   0x0000000000000e38       0xc4 /usr/lib/gcc/arm-none-eabi/10.3.1/thumb/v7e-m/nofp/libgcc.a(_arm_cmpdf2.o)
 .debug_frame   0x0000000000000efc       0x20 /usr/lib/gcc/arm-none-eabi/10.3.1/thumb/v7e-m/nofp/libgcc.a(_arm_unorddf2.o)
 .debug_frame   0x0000000000000f1c       0x24 /usr/lib/gcc/arm-none-eabi/10.3.1/thumb/v7e-m/nofp/libgcc.a(_arm_fixdfsi.o)
 .debug_frame   0x0000000000000f40       0x4c /usr/lib/gcc/arm-none-eabi/10.3.1/thumb/v7e-m/nofp/libgcc.a(_arm_addsubsf3.o)
 .debug_frame   0x0000000000000f8c       0x38 /usr/lib/gcc/arm-none-eabi/10.3.1/thumb/v7e-m/nofp/libgcc.a(_arm_muldivsf3.o)
 .debug_frame   0x0000000000000fc4       0x40 /usr/lib/gcc/arm-none-eabi/10.3.1/thumb/v7e-m/nofp/libgcc.a(_mulsc3.o)
 .debug_frame   0x0000000000001004       0xc8 /usr/lib/gcc/arm-none-eabi/10.3.1/thumb/v7e-m/nofp/libgcc.a(_arm_cmpsf2.o)
 .debug_frame   0x00000000000010cc       0x24 /usr/lib/gcc/arm-none-eabi/10.3.1/thumb/v7e-m/nofp/libgcc.a(_arm_unordsf2.o)
 .debug_frame   0x00000000000010f0       0x20 /usr/lib/gcc/arm-none-eabi/10.3.1/../../../arm-none-eabi/lib/thumb/v7e-m/nofp/libg_nano.a(lib_a-errno.o)
 .debug_frame   0x0000000000001110       0x2c /usr/lib/gcc/arm-none-eabi/10.3.1/../../../arm-none-eabi/lib/thumb/v7e-m/nofp/libg_nano.a(lib_a-init.o)
 .debug_frame   0x000000000000113c       0x2c /usr/lib/gcc/arm-none-eabi/10.3.1/../../../arm-none-eabi/lib/thumb/v7e-m/nofp/libg_nano.a(lib_a-memset.o)

Cross Reference Table

Symbol                                            File
ACC_Handler                                       objdir-CW312_SAM4S/startup_sam4s.o
ADC_Handler                                       objdir-CW312_SAM4S/startup_sam4s.o
BusFault_Handler                                  objdir-CW312_SAM4S/startup_sam4s.o
CRCCU_Handler                                     objdir-CW312_SAM4S/startup_sam4s.o
DACC_Handler                                      objdir-CW312_SAM4S/startup_sam4s.o
DIT_FFT                                           objdir-CW312_SAM4S/Toeplitz_FFT.o
DIT_IFFT                                          objdir-CW312_SAM4S/Toeplitz_FFT.o
DebugMon_Handler                                  objdir-CW312_SAM4S/startup_sam4s.o
Dummy_Handler                                     objdir-CW312_SAM4S/startup_sam4s.o
EFC0_Handler                                      objdir-CW312_SAM4S/startup_sam4s.o
HSMCI_Handler                                     objdir-CW312_SAM4S/startup_sam4s.o
HardFault_Handler                                 objdir-CW312_SAM4S/startup_sam4s.o
MemManage_Handler                                 objdir-CW312_SAM4S/startup_sam4s.o
NMI_Handler                                       objdir-CW312_SAM4S/startup_sam4s.o
PIOA_Handler                                      objdir-CW312_SAM4S/startup_sam4s.o
PIOB_Handler                                      objdir-CW312_SAM4S/startup_sam4s.o
PMC_Handler                                       objdir-CW312_SAM4S/startup_sam4s.o
PWM_Handler                                       objdir-CW312_SAM4S/startup_sam4s.o
PendSV_Handler                                    objdir-CW312_SAM4S/startup_sam4s.o
RSTC_Handler                                      objdir-CW312_SAM4S/startup_sam4s.o
RTC_Handler                                       objdir-CW312_SAM4S/startup_sam4s.o
RTT_Handler                                       objdir-CW312_SAM4S/startup_sam4s.o
Reset_Handler                                     objdir-CW312_SAM4S/startup_sam4s.o
SPI_Handler                                       objdir-CW312_SAM4S/startup_sam4s.o
SSC_Handler                                       objdir-CW312_SAM4S/startup_sam4s.o
SUPC_Handler                                      objdir-CW312_SAM4S/startup_sam4s.o
SVC_Handler                                       objdir-CW312_SAM4S/startup_sam4s.o
SysTick_Handler                                   objdir-CW312_SAM4S/startup_sam4s.o
SystemCoreClock                                   objdir-CW312_SAM4S/system_sam4s.o
SystemCoreClockUpdate                             objdir-CW312_SAM4S/system_sam4s.o
                                                  objdir-CW312_SAM4S/sysclk.o
                                                  objdir-CW312_SAM4S/sam4s_hal.o
SystemInit                                        objdir-CW312_SAM4S/system_sam4s.o
TC0_Handler                                       objdir-CW312_SAM4S/startup_sam4s.o
TC1_Handler                                       objdir-CW312_SAM4S/startup_sam4s.o
TC2_Handler                                       objdir-CW312_SAM4S/startup_sam4s.o
TWI0_Handler                                      objdir-CW312_SAM4S/startup_sam4s.o
TWI1_Handler                                      objdir-CW312_SAM4S/startup_sam4s.o
Toeplitz_hash_fft_seeded                          objdir-CW312_SAM4S/Toeplitz_FFT.o
UART0_Handler                                     objdir-CW312_SAM4S/startup_sam4s.o
UART1_Handler                                     objdir-CW312_SAM4S/startup_sam4s.o
UDP_Handler                                       objdir-CW312_SAM4S/startup_sam4s.o
USART0_Handler                                    objdir-CW312_SAM4S/startup_sam4s.o
USART1_Handler                                    objdir-CW312_SAM4S/startup_sam4s.o
UsageFault_Handler                                objdir-CW312_SAM4S/startup_sam4s.o
WDT_Handler                                       objdir-CW312_SAM4S/startup_sam4s.o
_ITM_deregisterTMCloneTable                       /usr/lib/gcc/arm-none-eabi/10.3.1/thumb/v7e-m/nofp/crtbegin.o
_ITM_registerTMCloneTable                         /usr/lib/gcc/arm-none-eabi/10.3.1/thumb/v7e-m/nofp/crtbegin.o
__TMC_END__                                       /usr/lib/gcc/arm-none-eabi/10.3.1/thumb/v7e-m/nofp/crtend.o
                                                  /usr/lib/gcc/arm-none-eabi/10.3.1/thumb/v7e-m/nofp/crtbegin.o
__adddf3                                          /usr/lib/gcc/arm-none-eabi/10.3.1/thumb/v7e-m/nofp/libgcc.a(_arm_addsubdf3.o)
__addsf3                                          /usr/lib/gcc/arm-none-eabi/10.3.1/thumb/v7e-m/nofp/libgcc.a(_arm_addsubsf3.o)
__aeabi_cdcmpeq                                   /usr/lib/gcc/arm-none-eabi/10.3.1/thumb/v7e-m/nofp/libgcc.a(_arm_cmpdf2.o)
__aeabi_cdcmple                                   /usr/lib/gcc/arm-none-eabi/10.3.1/thumb/v7e-m/nofp/libgcc.a(_arm_cmpdf2.o)
__aeabi_cdrcmple                                  /usr/lib/gcc/arm-none-eabi/10.3.1/thumb/v7e-m/nofp/libgcc.a(_arm_cmpdf2.o)
__aeabi_cfcmpeq                                   /usr/lib/gcc/arm-none-eabi/10.3.1/thumb/v7e-m/nofp/libgcc.a(_arm_cmpsf2.o)
__aeabi_cfcmple                                   /usr/lib/gcc/arm-none-eabi/10.3.1/thumb/v7e-m/nofp/libgcc.a(_arm_cmpsf2.o)
__aeabi_cfrcmple                                  /usr/lib/gcc/arm-none-eabi/10.3.1/thumb/v7e-m/nofp/libgcc.a(_arm_cmpsf2.o)
__aeabi_d2iz                                      /usr/lib/gcc/arm-none-eabi/10.3.1/thumb/v7e-m/nofp/libgcc.a(_arm_fixdfsi.o)
                                                  objdir-CW312_SAM4S/Toeplitz_FFT.o
__aeabi_dadd                                      /usr/lib/gcc/arm-none-eabi/10.3.1/thumb/v7e-m/nofp/libgcc.a(_arm_addsubdf3.o)
                                                  /usr/lib/gcc/arm-none-eabi/10.3.1/../../../arm-none-eabi/lib/thumb/v7e-m/nofp/libm.a(lib_a-e_log.o)
                                                  /usr/lib/gcc/arm-none-eabi/10.3.1/../../../arm-none-eabi/lib/thumb/v7e-m/nofp/libm.a(lib_a-s_round.o)
__aeabi_dcmpeq                                    /usr/lib/gcc/arm-none-eabi/10.3.1/thumb/v7e-m/nofp/libgcc.a(_arm_cmpdf2.o)
                                                  /usr/lib/gcc/arm-none-eabi/10.3.1/../../../arm-none-eabi/lib/thumb/v7e-m/nofp/libm.a(lib_a-e_log.o)
                                                  /usr/lib/gcc/arm-none-eabi/10.3.1/../../../arm-none-eabi/lib/thumb/v7e-m/nofp/libm.a(lib_a-w_log.o)
__aeabi_dcmpge                                    /usr/lib/gcc/arm-none-eabi/10.3.1/thumb/v7e-m/nofp/libgcc.a(_arm_cmpdf2.o)
__aeabi_dcmpgt                                    /usr/lib/gcc/arm-none-eabi/10.3.1/thumb/v7e-m/nofp/libgcc.a(_arm_cmpdf2.o)
                                                  /usr/lib/gcc/arm-none-eabi/10.3.1/../../../arm-none-eabi/lib/thumb/v7e-m/nofp/libm.a(lib_a-w_log.o)
__aeabi_dcmple                                    /usr/lib/gcc/arm-none-eabi/10.3.1/thumb/v7e-m/nofp/libgcc.a(_arm_cmpdf2.o)
__aeabi_dcmplt                                    /usr/lib/gcc/arm-none-eabi/10.3.1/thumb/v7e-m/nofp/libgcc.a(_arm_cmpdf2.o)
__aeabi_dcmpun                                    /usr/lib/gcc/arm-none-eabi/10.3.1/thumb/v7e-m/nofp/libgcc.a(_arm_unorddf2.o)
                                                  /usr/lib/gcc/arm-none-eabi/10.3.1/../../../arm-none-eabi/lib/thumb/v7e-m/nofp/libm.a(lib_a-w_log.o)
__aeabi_ddiv                                      /usr/lib/gcc/arm-none-eabi/10.3.1/thumb/v7e-m/nofp/libgcc.a(_arm_muldivdf3.o)
                                                  /usr/lib/gcc/arm-none-eabi/10.3.1/../../../arm-none-eabi/lib/thumb/v7e-m/nofp/libm.a(lib_a-e_log.o)
                                                  objdir-CW312_SAM4S/Toeplitz_FFT.o
__aeabi_dmul                                      /usr/lib/gcc/arm-none-eabi/10.3.1/thumb/v7e-m/nofp/libgcc.a(_arm_muldivdf3.o)
                                                  /usr/lib/gcc/arm-none-eabi/10.3.1/thumb/v7e-m/nofp/libgcc.a(_arm_muldf3.o)
                                                  /usr/lib/gcc/arm-none-eabi/10.3.1/../../../arm-none-eabi/lib/thumb/v7e-m/nofp/libm.a(lib_a-e_log.o)
__aeabi_drsub                                     /usr/lib/gcc/arm-none-eabi/10.3.1/thumb/v7e-m/nofp/libgcc.a(_arm_addsubdf3.o)
__aeabi_dsub                                      /usr/lib/gcc/arm-none-eabi/10.3.1/thumb/v7e-m/nofp/libgcc.a(_arm_addsubdf3.o)
                                                  /usr/lib/gcc/arm-none-eabi/10.3.1/../../../arm-none-eabi/lib/thumb/v7e-m/nofp/libm.a(lib_a-e_log.o)
__aeabi_f2d                                       /usr/lib/gcc/arm-none-eabi/10.3.1/thumb/v7e-m/nofp/libgcc.a(_arm_addsubdf3.o)
                                                  objdir-CW312_SAM4S/Toeplitz_FFT.o
__aeabi_fadd                                      /usr/lib/gcc/arm-none-eabi/10.3.1/thumb/v7e-m/nofp/libgcc.a(_arm_addsubsf3.o)
                                                  /usr/lib/gcc/arm-none-eabi/10.3.1/thumb/v7e-m/nofp/libgcc.a(_mulsc3.o)
                                                  objdir-CW312_SAM4S/Toeplitz_FFT.o
__aeabi_fcmpeq                                    /usr/lib/gcc/arm-none-eabi/10.3.1/thumb/v7e-m/nofp/libgcc.a(_arm_cmpsf2.o)
__aeabi_fcmpge                                    /usr/lib/gcc/arm-none-eabi/10.3.1/thumb/v7e-m/nofp/libgcc.a(_arm_cmpsf2.o)
__aeabi_fcmpgt                                    /usr/lib/gcc/arm-none-eabi/10.3.1/thumb/v7e-m/nofp/libgcc.a(_arm_cmpsf2.o)
__aeabi_fcmple                                    /usr/lib/gcc/arm-none-eabi/10.3.1/thumb/v7e-m/nofp/libgcc.a(_arm_cmpsf2.o)
                                                  /usr/lib/gcc/arm-none-eabi/10.3.1/thumb/v7e-m/nofp/libgcc.a(_mulsc3.o)
__aeabi_fcmplt                                    /usr/lib/gcc/arm-none-eabi/10.3.1/thumb/v7e-m/nofp/libgcc.a(_arm_cmpsf2.o)
__aeabi_fcmpun                                    /usr/lib/gcc/arm-none-eabi/10.3.1/thumb/v7e-m/nofp/libgcc.a(_arm_unordsf2.o)
                                                  /usr/lib/gcc/arm-none-eabi/10.3.1/thumb/v7e-m/nofp/libgcc.a(_mulsc3.o)
__aeabi_fdiv                                      /usr/lib/gcc/arm-none-eabi/10.3.1/thumb/v7e-m/nofp/libgcc.a(_arm_muldivsf3.o)
                                                  objdir-CW312_SAM4S/Toeplitz_FFT.o
__aeabi_fmul                                      /usr/lib/gcc/arm-none-eabi/10.3.1/thumb/v7e-m/nofp/libgcc.a(_arm_muldivsf3.o)
                                                  /usr/lib/gcc/arm-none-eabi/10.3.1/thumb/v7e-m/nofp/libgcc.a(_mulsc3.o)
__aeabi_frsub                                     /usr/lib/gcc/arm-none-eabi/10.3.1/thumb/v7e-m/nofp/libgcc.a(_arm_addsubsf3.o)
__aeabi_fsub                                      /usr/lib/gcc/arm-none-eabi/10.3.1/thumb/v7e-m/nofp/libgcc.a(_arm_addsubsf3.o)
                                                  /usr/lib/gcc/arm-none-eabi/10.3.1/thumb/v7e-m/nofp/libgcc.a(_mulsc3.o)
                                                  objdir-CW312_SAM4S/Toeplitz_FFT.o
__aeabi_i2d                                       /usr/lib/gcc/arm-none-eabi/10.3.1/thumb/v7e-m/nofp/libgcc.a(_arm_addsubdf3.o)
                                                  /usr/lib/gcc/arm-none-eabi/10.3.1/../../../arm-none-eabi/lib/thumb/v7e-m/nofp/libm.a(lib_a-e_log.o)
                                                  objdir-CW312_SAM4S/Toeplitz_FFT.o
__aeabi_i2f                                       /usr/lib/gcc/arm-none-eabi/10.3.1/thumb/v7e-m/nofp/libgcc.a(_arm_addsubsf3.o)
                                                  /usr/lib/gcc/arm-none-eabi/10.3.1/thumb/v7e-m/nofp/libgcc.a(_mulsc3.o)
                                                  objdir-CW312_SAM4S/Toeplitz_FFT.o
__aeabi_l2d                                       /usr/lib/gcc/arm-none-eabi/10.3.1/thumb/v7e-m/nofp/libgcc.a(_arm_addsubdf3.o)
__aeabi_l2f                                       /usr/lib/gcc/arm-none-eabi/10.3.1/thumb/v7e-m/nofp/libgcc.a(_arm_addsubsf3.o)
__aeabi_ui2d                                      /usr/lib/gcc/arm-none-eabi/10.3.1/thumb/v7e-m/nofp/libgcc.a(_arm_addsubdf3.o)
__aeabi_ui2f                                      /usr/lib/gcc/arm-none-eabi/10.3.1/thumb/v7e-m/nofp/libgcc.a(_arm_addsubsf3.o)
__aeabi_ul2d                                      /usr/lib/gcc/arm-none-eabi/10.3.1/thumb/v7e-m/nofp/libgcc.a(_arm_addsubdf3.o)
__aeabi_ul2f                                      /usr/lib/gcc/arm-none-eabi/10.3.1/thumb/v7e-m/nofp/libgcc.a(_arm_addsubsf3.o)
__atexit_dummy                                    /usr/lib/gcc/arm-none-eabi/10.3.1/../../../arm-none-eabi/lib/thumb/v7e-m/nofp/libg_nano.a(lib_a-__atexit.o)
__bss_end__                                       /usr/lib/gcc/arm-none-eabi/10.3.1/../../../arm-none-eabi/lib/thumb/v7e-m/nofp/crt0.o
__bss_start__                                     /usr/lib/gcc/arm-none-eabi/10.3.1/../../../arm-none-eabi/lib/thumb/v7e-m/nofp/crt0.o
__call_exitprocs                                  /usr/lib/gcc/arm-none-eabi/10.3.1/../../../arm-none-eabi/lib/thumb/v7e-m/nofp/libg_nano.a(lib_a-__call_atexit.o)
                                                  /usr/lib/gcc/arm-none-eabi/10.3.1/../../../arm-none-eabi/lib/thumb/v7e-m/nofp/libg_nano.a(lib_a-__atexit.o)
                                                  /usr/lib/gcc/arm-none-eabi/10.3.1/../../../arm-none-eabi/lib/thumb/v7e-m/nofp/libg_nano.a(lib_a-exit.o)
__cmpdf2                                          /usr/lib/gcc/arm-none-eabi/10.3.1/thumb/v7e-m/nofp/libgcc.a(_arm_cmpdf2.o)
__cmpsf2                                          /usr/lib/gcc/arm-none-eabi/10.3.1/thumb/v7e-m/nofp/libgcc.a(_arm_cmpsf2.o)
__deregister_frame_info                           /usr/lib/gcc/arm-none-eabi/10.3.1/thumb/v7e-m/nofp/crtbegin.o
__divdf3                                          /usr/lib/gcc/arm-none-eabi/10.3.1/thumb/v7e-m/nofp/libgcc.a(_arm_muldivdf3.o)
__divsf3                                          /usr/lib/gcc/arm-none-eabi/10.3.1/thumb/v7e-m/nofp/libgcc.a(_arm_muldivsf3.o)
__dso_handle                                      /usr/lib/gcc/arm-none-eabi/10.3.1/thumb/v7e-m/nofp/crtbegin.o
__eqdf2                                           /usr/lib/gcc/arm-none-eabi/10.3.1/thumb/v7e-m/nofp/libgcc.a(_arm_cmpdf2.o)
__eqsf2                                           /usr/lib/gcc/arm-none-eabi/10.3.1/thumb/v7e-m/nofp/libgcc.a(_arm_cmpsf2.o)
__errno                                           /usr/lib/gcc/arm-none-eabi/10.3.1/../../../arm-none-eabi/lib/thumb/v7e-m/nofp/libg_nano.a(lib_a-errno.o)
                                                  /usr/lib/gcc/arm-none-eabi/10.3.1/../../../arm-none-eabi/lib/thumb/v7e-m/nofp/libm.a(lib_a-w_log.o)
__extendsfdf2                                     /usr/lib/gcc/arm-none-eabi/10.3.1/thumb/v7e-m/nofp/libgcc.a(_arm_addsubdf3.o)
__fdlib_version                                   /usr/lib/gcc/arm-none-eabi/10.3.1/../../../arm-none-eabi/lib/thumb/v7e-m/nofp/libm.a(lib_a-s_lib_ver.o)
                                                  /usr/lib/gcc/arm-none-eabi/10.3.1/../../../arm-none-eabi/lib/thumb/v7e-m/nofp/libm.a(lib_a-w_log.o)
__fini_array_end                                  /usr/lib/gcc/arm-none-eabi/10.3.1/../../../arm-none-eabi/lib/thumb/v7e-m/nofp/libg_nano.a(lib_a-fini.o)
__fini_array_start                                /usr/lib/gcc/arm-none-eabi/10.3.1/../../../arm-none-eabi/lib/thumb/v7e-m/nofp/libg_nano.a(lib_a-fini.o)
__fixdfsi                                         /usr/lib/gcc/arm-none-eabi/10.3.1/thumb/v7e-m/nofp/libgcc.a(_arm_fixdfsi.o)
__floatdidf                                       /usr/lib/gcc/arm-none-eabi/10.3.1/thumb/v7e-m/nofp/libgcc.a(_arm_addsubdf3.o)
__floatdisf                                       /usr/lib/gcc/arm-none-eabi/10.3.1/thumb/v7e-m/nofp/libgcc.a(_arm_addsubsf3.o)
__floatsidf                                       /usr/lib/gcc/arm-none-eabi/10.3.1/thumb/v7e-m/nofp/libgcc.a(_arm_addsubdf3.o)
__floatsisf                                       /usr/lib/gcc/arm-none-eabi/10.3.1/thumb/v7e-m/nofp/libgcc.a(_arm_addsubsf3.o)
__floatundidf                                     /usr/lib/gcc/arm-none-eabi/10.3.1/thumb/v7e-m/nofp/libgcc.a(_arm_addsubdf3.o)
__floatundisf                                     /usr/lib/gcc/arm-none-eabi/10.3.1/thumb/v7e-m/nofp/libgcc.a(_arm_addsubsf3.o)
__floatunsidf                                     /usr/lib/gcc/arm-none-eabi/10.3.1/thumb/v7e-m/nofp/libgcc.a(_arm_addsubdf3.o)
__floatunsisf                                     /usr/lib/gcc/arm-none-eabi/10.3.1/thumb/v7e-m/nofp/libgcc.a(_arm_addsubsf3.o)
__gedf2                                           /usr/lib/gcc/arm-none-eabi/10.3.1/thumb/v7e-m/nofp/libgcc.a(_arm_cmpdf2.o)
__gesf2                                           /usr/lib/gcc/arm-none-eabi/10.3.1/thumb/v7e-m/nofp/libgcc.a(_arm_cmpsf2.o)
__gtdf2                                           /usr/lib/gcc/arm-none-eabi/10.3.1/thumb/v7e-m/nofp/libgcc.a(_arm_cmpdf2.o)
__gtsf2                                           /usr/lib/gcc/arm-none-eabi/10.3.1/thumb/v7e-m/nofp/libgcc.a(_arm_cmpsf2.o)
__ieee754_log                                     /usr/lib/gcc/arm-none-eabi/10.3.1/../../../arm-none-eabi/lib/thumb/v7e-m/nofp/libm.a(lib_a-e_log.o)
                                                  /usr/lib/gcc/arm-none-eabi/10.3.1/../../../arm-none-eabi/lib/thumb/v7e-m/nofp/libm.a(lib_a-w_log.o)
__init_array_end                                  /usr/lib/gcc/arm-none-eabi/10.3.1/../../../arm-none-eabi/lib/thumb/v7e-m/nofp/libg_nano.a(lib_a-init.o)
__init_array_start                                /usr/lib/gcc/arm-none-eabi/10.3.1/../../../arm-none-eabi/lib/thumb/v7e-m/nofp/libg_nano.a(lib_a-init.o)
__ledf2                                           /usr/lib/gcc/arm-none-eabi/10.3.1/thumb/v7e-m/nofp/libgcc.a(_arm_cmpdf2.o)
__lesf2                                           /usr/lib/gcc/arm-none-eabi/10.3.1/thumb/v7e-m/nofp/libgcc.a(_arm_cmpsf2.o)
__libc_fini_array                                 /usr/lib/gcc/arm-none-eabi/10.3.1/../../../arm-none-eabi/lib/thumb/v7e-m/nofp/libg_nano.a(lib_a-fini.o)
                                                  /usr/lib/gcc/arm-none-eabi/10.3.1/../../../arm-none-eabi/lib/thumb/v7e-m/nofp/crt0.o
__libc_init_array                                 /usr/lib/gcc/arm-none-eabi/10.3.1/../../../arm-none-eabi/lib/thumb/v7e-m/nofp/libg_nano.a(lib_a-init.o)
                                                  objdir-CW312_SAM4S/startup_sam4s.o
                                                  /usr/lib/gcc/arm-none-eabi/10.3.1/../../../arm-none-eabi/lib/thumb/v7e-m/nofp/crt0.o
__ltdf2                                           /usr/lib/gcc/arm-none-eabi/10.3.1/thumb/v7e-m/nofp/libgcc.a(_arm_cmpdf2.o)
__ltsf2                                           /usr/lib/gcc/arm-none-eabi/10.3.1/thumb/v7e-m/nofp/libgcc.a(_arm_cmpsf2.o)
__muldf3                                          /usr/lib/gcc/arm-none-eabi/10.3.1/thumb/v7e-m/nofp/libgcc.a(_arm_muldivdf3.o)
                                                  /usr/lib/gcc/arm-none-eabi/10.3.1/thumb/v7e-m/nofp/libgcc.a(_arm_muldf3.o)
__mulsc3                                          /usr/lib/gcc/arm-none-eabi/10.3.1/thumb/v7e-m/nofp/libgcc.a(_mulsc3.o)
                                                  objdir-CW312_SAM4S/Toeplitz_FFT.o
__mulsf3                                          /usr/lib/gcc/arm-none-eabi/10.3.1/thumb/v7e-m/nofp/libgcc.a(_arm_muldivsf3.o)
__nedf2                                           /usr/lib/gcc/arm-none-eabi/10.3.1/thumb/v7e-m/nofp/libgcc.a(_arm_cmpdf2.o)
__nesf2                                           /usr/lib/gcc/arm-none-eabi/10.3.1/thumb/v7e-m/nofp/libgcc.a(_arm_cmpsf2.o)
__on_exit_args                                    /usr/lib/gcc/arm-none-eabi/10.3.1/../../../arm-none-eabi/lib/thumb/v7e-m/nofp/libg_nano.a(lib_a-__atexit.o)
__preinit_array_end                               /usr/lib/gcc/arm-none-eabi/10.3.1/../../../arm-none-eabi/lib/thumb/v7e-m/nofp/libg_nano.a(lib_a-init.o)
__preinit_array_start                             /usr/lib/gcc/arm-none-eabi/10.3.1/../../../arm-none-eabi/lib/thumb/v7e-m/nofp/libg_nano.a(lib_a-init.o)
__register_exitproc                               /usr/lib/gcc/arm-none-eabi/10.3.1/../../../arm-none-eabi/lib/thumb/v7e-m/nofp/libg_nano.a(lib_a-__atexit.o)
                                                  /usr/lib/gcc/arm-none-eabi/10.3.1/../../../arm-none-eabi/lib/thumb/v7e-m/nofp/libg_nano.a(lib_a-atexit.o)
__register_frame_info                             /usr/lib/gcc/arm-none-eabi/10.3.1/thumb/v7e-m/nofp/crtbegin.o
__sf_fake_stderr                                  /usr/lib/gcc/arm-none-eabi/10.3.1/../../../arm-none-eabi/lib/thumb/v7e-m/nofp/libg_nano.a(lib_a-impure.o)
__sf_fake_stdin                                   /usr/lib/gcc/arm-none-eabi/10.3.1/../../../arm-none-eabi/lib/thumb/v7e-m/nofp/libg_nano.a(lib_a-impure.o)
__sf_fake_stdout                                  /usr/lib/gcc/arm-none-eabi/10.3.1/../../../arm-none-eabi/lib/thumb/v7e-m/nofp/libg_nano.a(lib_a-impure.o)
__stack                                           /usr/lib/gcc/arm-none-eabi/10.3.1/../../../arm-none-eabi/lib/thumb/v7e-m/nofp/crt0.o
__subdf3                                          /usr/lib/gcc/arm-none-eabi/10.3.1/thumb/v7e-m/nofp/libgcc.a(_arm_addsubdf3.o)
__subsf3                                          /usr/lib/gcc/arm-none-eabi/10.3.1/thumb/v7e-m/nofp/libgcc.a(_arm_addsubsf3.o)
__unorddf2                                        /usr/lib/gcc/arm-none-eabi/10.3.1/thumb/v7e-m/nofp/libgcc.a(_arm_unorddf2.o)
__unordsf2                                        /usr/lib/gcc/arm-none-eabi/10.3.1/thumb/v7e-m/nofp/libgcc.a(_arm_unordsf2.o)
_erelocate                                        objdir-CW312_SAM4S/startup_sam4s.o
_estack                                           objdir-CW312_SAM4S/startup_sam4s.o
_etext                                            objdir-CW312_SAM4S/startup_sam4s.o
_exit                                             /usr/lib/gcc/arm-none-eabi/10.3.1/../../../arm-none-eabi/lib/thumb/v7e-m/nofp/libnosys.a(_exit.o)
                                                  /usr/lib/gcc/arm-none-eabi/10.3.1/../../../arm-none-eabi/lib/thumb/v7e-m/nofp/libg_nano.a(lib_a-exit.o)
_ezero                                            objdir-CW312_SAM4S/startup_sam4s.o
_fini                                             /usr/lib/gcc/arm-none-eabi/10.3.1/thumb/v7e-m/nofp/crti.o
                                                  /usr/lib/gcc/arm-none-eabi/10.3.1/../../../arm-none-eabi/lib/thumb/v7e-m/nofp/libg_nano.a(lib_a-fini.o)
_global_atexit                                    /usr/lib/gcc/arm-none-eabi/10.3.1/../../../arm-none-eabi/lib/thumb/v7e-m/nofp/libg_nano.a(lib_a-__call_atexit.o)
                                                  /usr/lib/gcc/arm-none-eabi/10.3.1/../../../arm-none-eabi/lib/thumb/v7e-m/nofp/libg_nano.a(lib_a-__atexit.o)
_global_impure_ptr                                /usr/lib/gcc/arm-none-eabi/10.3.1/../../../arm-none-eabi/lib/thumb/v7e-m/nofp/libg_nano.a(lib_a-impure.o)
                                                  /usr/lib/gcc/arm-none-eabi/10.3.1/../../../arm-none-eabi/lib/thumb/v7e-m/nofp/libg_nano.a(lib_a-exit.o)
_impure_ptr                                       /usr/lib/gcc/arm-none-eabi/10.3.1/../../../arm-none-eabi/lib/thumb/v7e-m/nofp/libg_nano.a(lib_a-impure.o)
                                                  /usr/lib/gcc/arm-none-eabi/10.3.1/../../../arm-none-eabi/lib/thumb/v7e-m/nofp/libg_nano.a(lib_a-errno.o)
_init                                             /usr/lib/gcc/arm-none-eabi/10.3.1/thumb/v7e-m/nofp/crti.o
                                                  /usr/lib/gcc/arm-none-eabi/10.3.1/../../../arm-none-eabi/lib/thumb/v7e-m/nofp/libg_nano.a(lib_a-init.o)
_mainCRTStartup                                   /usr/lib/gcc/arm-none-eabi/10.3.1/../../../arm-none-eabi/lib/thumb/v7e-m/nofp/crt0.o
_sfixed                                           objdir-CW312_SAM4S/startup_sam4s.o
_srelocate                                        objdir-CW312_SAM4S/startup_sam4s.o
_stack_init                                       /usr/lib/gcc/arm-none-eabi/10.3.1/../../../arm-none-eabi/lib/thumb/v7e-m/nofp/crt0.o
_start                                            /usr/lib/gcc/arm-none-eabi/10.3.1/../../../arm-none-eabi/lib/thumb/v7e-m/nofp/crt0.o
_szero                                            objdir-CW312_SAM4S/startup_sam4s.o
asciibuf                                          objdir-CW312_SAM4S/Toeplitz_FFT.o
atexit                                            /usr/lib/gcc/arm-none-eabi/10.3.1/../../../arm-none-eabi/lib/thumb/v7e-m/nofp/libg_nano.a(lib_a-atexit.o)
                                                  /usr/lib/gcc/arm-none-eabi/10.3.1/../../../arm-none-eabi/lib/thumb/v7e-m/nofp/crt0.o
bits_to_bytes                                     objdir-CW312_SAM4S/Toeplitz_FFT.o
bytes_to_bits                                     objdir-CW312_SAM4S/Toeplitz_FFT.o
check_version                                     objdir-CW312_SAM4S/simpleserial.o
conj_array                                        objdir-CW312_SAM4S/Toeplitz_FFT.o
exception_table                                   objdir-CW312_SAM4S/startup_sam4s.o
exit                                              /usr/lib/gcc/arm-none-eabi/10.3.1/../../../arm-none-eabi/lib/thumb/v7e-m/nofp/libg_nano.a(lib_a-exit.o)
                                                  /usr/lib/gcc/arm-none-eabi/10.3.1/../../../arm-none-eabi/lib/thumb/v7e-m/nofp/crt0.o
getch                                             objdir-CW312_SAM4S/sam4s_hal.o
                                                  objdir-CW312_SAM4S/simpleserial.o
                                                  objdir-CW312_SAM4S/Toeplitz_FFT.o
hardware_init_hook                                /usr/lib/gcc/arm-none-eabi/10.3.1/../../../arm-none-eabi/lib/thumb/v7e-m/nofp/crt0.o
hex_decode                                        objdir-CW312_SAM4S/simpleserial.o
init_uart                                         objdir-CW312_SAM4S/sam4s_hal.o
                                                  objdir-CW312_SAM4S/Toeplitz_FFT.o
led_error                                         objdir-CW312_SAM4S/hal.o
led_ok                                            objdir-CW312_SAM4S/hal.o
log                                               /usr/lib/gcc/arm-none-eabi/10.3.1/../../../arm-none-eabi/lib/thumb/v7e-m/nofp/libm.a(lib_a-w_log.o)
                                                  objdir-CW312_SAM4S/Toeplitz_FFT.o
long_delay                                        objdir-CW312_SAM4S/Toeplitz_FFT.o
main                                              objdir-CW312_SAM4S/Toeplitz_FFT.o
                                                  objdir-CW312_SAM4S/startup_sam4s.o
                                                  /usr/lib/gcc/arm-none-eabi/10.3.1/../../../arm-none-eabi/lib/thumb/v7e-m/nofp/crt0.o
malloc                                            /usr/lib/gcc/arm-none-eabi/10.3.1/../../../arm-none-eabi/lib/thumb/v7e-m/nofp/libg_nano.a(lib_a-__atexit.o)
memcpy                                            /usr/lib/gcc/arm-none-eabi/10.3.1/../../../arm-none-eabi/lib/thumb/v7e-m/nofp/libg_nano.a(lib_a-memcpy.o)
                                                  objdir-CW312_SAM4S/startup_sam4s.o
memory                                            objdir-CW312_SAM4S/Toeplitz_FFT.o
memset                                            /usr/lib/gcc/arm-none-eabi/10.3.1/../../../arm-none-eabi/lib/thumb/v7e-m/nofp/libg_nano.a(lib_a-memset.o)
                                                  objdir-CW312_SAM4S/startup_sam4s.o
                                                  objdir-CW312_SAM4S/Toeplitz_FFT.o